=== L-TAE Pixel Training === Fraction: 1.0, Device: cuda
Loading data...
Shape: (7540362, 73)
Feature cols: 60
Train FIDs: 2653 -> 2653 (100%)
Pixels: train=4802658, val=1205790, test=1531914

=== Seed 42 ===
  Epoch 1/100 - loss=0.2353, val_f1=0.7082, 11.5s
  Epoch 10/100 - loss=0.1125, val_f1=0.7087, 10.5s
  Epoch 20/100 - loss=0.1033, val_f1=0.7112, 11.0s
  Epoch 30/100 - loss=0.0989, val_f1=0.7102, 10.4s
  Epoch 40/100 - loss=0.0959, val_f1=0.7135, 10.6s
  Epoch 50/100 - loss=0.0933, val_f1=0.7184, 11.0s
  Epoch 60/100 - loss=0.0911, val_f1=0.7136, 10.7s
  Early stopping at epoch 61

=== Seed 101 ===
  Epoch 1/100 - loss=0.2353, val_f1=0.7030, 11.1s
  Epoch 10/100 - loss=0.1148, val_f1=0.7122, 11.3s
  Epoch 20/100 - loss=0.1052, val_f1=0.7146, 11.5s
  Epoch 30/100 - loss=0.1007, val_f1=0.7150, 11.5s
  Epoch 40/100 - loss=0.0975, val_f1=0.7155, 11.9s
  Epoch 50/100 - loss=0.0947, val_f1=0.7148, 12.1s
  Epoch 60/100 - loss=0.0928, val_f1=0.7168, 12.3s
  Early stopping at epoch 67

=== Seed 202 ===
  Epoch 1/100 - loss=0.2349, val_f1=0.7050, 11.9s
  Epoch 10/100 - loss=0.1145, val_f1=0.7166, 10.9s
  Epoch 20/100 - loss=0.1051, val_f1=0.7153, 11.4s
  Epoch 30/100 - loss=0.0999, val_f1=0.7197, 10.8s
  Early stopping at epoch 30

=== Seed 303 ===
  Epoch 1/100 - loss=0.2352, val_f1=0.6856, 11.8s
  Epoch 10/100 - loss=0.1148, val_f1=0.7125, 12.3s
  Epoch 20/100 - loss=0.1051, val_f1=0.6958, 11.2s
  Early stopping at epoch 29

=== Seed 404 ===
  Epoch 1/100 - loss=0.2369, val_f1=0.6793, 12.1s
  Epoch 10/100 - loss=0.1130, val_f1=0.7151, 13.4s
  Epoch 20/100 - loss=0.1036, val_f1=0.7120, 12.0s
  Epoch 30/100 - loss=0.0991, val_f1=0.7173, 13.8s
  Early stopping at epoch 34

--- Ensemble Field-Level Results ---
  acc=0.8325, f1_macro=0.7755, f1_weighted=0.8300, kappa=0.7636
Artifacts saved to ../paired_bootstrap/ltae_pixel_retrain/frac_1.00
Total time: 2609.3s
