[Tue Jun 16 09:40:42 PM EDT 2026] === L-TAE-S pixel RESUME (train missing seeds 303/404 + predict) ===
=== L-TAE-S Pixel RESUME === Fraction: 1.0, Device: cuda
Loading data...
Feature cols: 60
Pixels: train=4802658, val=1205790, test=1531914
Saved scaler / label_encoder / feature_columns.
[skip] seed 42: checkpoint exists
[skip] seed 101: checkpoint exists
[skip] seed 202: checkpoint exists

=== Training seed 303 ===
  Epoch 1/100 - loss=0.2288, sparse=0.0078, val_f1=0.6986, 101.6s
  Epoch 10/100 - loss=0.1063, sparse=0.0078, val_f1=0.7076, 100.2s
  Epoch 20/100 - loss=0.0924, sparse=0.0078, val_f1=0.7154, 100.4s
  Early stopping at epoch 23
  Seed 303 done, best_val_f1=0.7190

=== Training seed 404 ===
  Epoch 1/100 - loss=0.2307, sparse=0.0078, val_f1=0.6969, 101.7s
  Epoch 10/100 - loss=0.1075, sparse=0.0078, val_f1=0.7023, 100.5s
  Epoch 20/100 - loss=0.0932, sparse=0.0078, val_f1=0.7124, 100.6s
  Epoch 30/100 - loss=0.0850, sparse=0.0078, val_f1=0.7136, 100.5s
  Epoch 40/100 - loss=0.0800, sparse=0.0078, val_f1=0.7141, 100.5s
  Early stopping at epoch 48
  Seed 404 done, best_val_f1=0.7160

=== 5-seed ensemble in-region evaluation ===
  acc=0.8289, f1_macro=0.7722, f1_weighted=0.8265, kappa=0.7582
Artifacts saved to models/ltae_sparse_pixel/frac_1.00
Total time: 7214.2s
[Tue Jun 16 11:40:59 PM EDT 2026] resume rc=0
[Tue Jun 16 11:40:59 PM EDT 2026] >>> OOS PREDICTION
=== OOS Prediction === Device: cuda
Models: ['ltae_sparse_pixel']
Fractions: [1.0]

--- ltae_sparse_pixel frac=1.00 ---
  Saved 2415 field predictions -> /home/mmann1123/Documents/github/South_Africa_Crop_Comp/experiments/field_reduction/results/predictions/ltae_sparse_pixel_frac_1.00.csv
[Tue Jun 16 11:43:52 PM EDT 2026] predict rc=0
[Tue Jun 16 11:43:52 PM EDT 2026] === DONE ===
