=== L-TAE-S Field Training === Fraction: 1.0, Device: cuda
  gamma=1.0, n_head=16, entropy_lambda=0.0, time_varying=True
Loading data...
Feature cols: 60 (expected 60)
Aggregating to field level...
Field-level shape: (4147, 62)
Train FIDs: 2653 -> 2653 (100%)
Split: train=2653, val=664, test=830
  loss=focal, sampler=off

=== Seed 42 ===
  Epoch 1/100 - loss=0.5996, sparse=0.0078, val_f1=0.6006, 1.2s
  Epoch 10/100 - loss=0.2150, sparse=0.0078, val_f1=0.6768, 0.5s
  Epoch 20/100 - loss=0.1324, sparse=0.0078, val_f1=0.6446, 0.5s
  Early stopping at epoch 24
  Seed 42: test_acc=0.7422

=== Seed 101 ===
  Epoch 1/100 - loss=0.5836, sparse=0.0078, val_f1=0.5422, 0.5s
  Epoch 10/100 - loss=0.2197, sparse=0.0078, val_f1=0.6552, 0.5s
  Epoch 20/100 - loss=0.1276, sparse=0.0078, val_f1=0.6629, 0.5s
  Epoch 30/100 - loss=0.0887, sparse=0.0078, val_f1=0.6737, 0.5s
  Epoch 40/100 - loss=0.0666, sparse=0.0078, val_f1=0.6707, 0.5s
  Early stopping at epoch 40
  Seed 101: test_acc=0.7542

=== Seed 202 ===
  Epoch 1/100 - loss=0.5738, sparse=0.0078, val_f1=0.5378, 0.5s
  Epoch 10/100 - loss=0.2231, sparse=0.0078, val_f1=0.6321, 0.5s
  Epoch 20/100 - loss=0.1382, sparse=0.0078, val_f1=0.6576, 0.5s
  Epoch 30/100 - loss=0.0910, sparse=0.0078, val_f1=0.6502, 0.6s
  Epoch 40/100 - loss=0.0648, sparse=0.0078, val_f1=0.6727, 0.5s
  Epoch 50/100 - loss=0.0364, sparse=0.0078, val_f1=0.6607, 0.5s
  Epoch 60/100 - loss=0.0250, sparse=0.0078, val_f1=0.6582, 0.5s
  Early stopping at epoch 66
  Seed 202: test_acc=0.7470

=== Seed 303 ===
  Epoch 1/100 - loss=0.5974, sparse=0.0078, val_f1=0.5243, 0.5s
  Epoch 10/100 - loss=0.2196, sparse=0.0078, val_f1=0.6487, 0.5s
  Epoch 20/100 - loss=0.1287, sparse=0.0078, val_f1=0.6688, 0.5s
  Epoch 30/100 - loss=0.0864, sparse=0.0078, val_f1=0.6554, 0.5s
  Epoch 40/100 - loss=0.0652, sparse=0.0078, val_f1=0.6652, 0.5s
  Early stopping at epoch 48
  Seed 303: test_acc=0.7373

=== Seed 404 ===
  Epoch 1/100 - loss=0.5876, sparse=0.0078, val_f1=0.5439, 0.5s
  Epoch 10/100 - loss=0.2155, sparse=0.0078, val_f1=0.6724, 0.5s
  Epoch 20/100 - loss=0.1387, sparse=0.0078, val_f1=0.6643, 0.7s
  Early stopping at epoch 25
  Seed 404: test_acc=0.7084

--- Ensemble Results ---
  acc=0.7651, f1_macro=0.6796, f1_weighted=0.7612, kappa=0.6650
Artifacts saved to /home/mmann1123/Documents/github/South_Africa_Crop_Comp/experiments/ltae_s_sensitivity/models/g1.0_h16_lam0
Total time: 107.8s
