=== L-TAE-S Field Training === Fraction: 1.0, Device: cuda
  gamma=1.2, n_head=4, entropy_lambda=0.0, time_varying=True
Loading data...
Feature cols: 60 (expected 60)
Aggregating to field level...
Field-level shape: (4147, 62)
Train FIDs: 2653 -> 2653 (100%)
Split: train=2653, val=664, test=830
  loss=focal, sampler=off

=== Seed 42 ===
  Epoch 1/100 - loss=0.6316, sparse=0.0078, val_f1=0.4985, 0.8s
  Epoch 10/100 - loss=0.2665, sparse=0.0078, val_f1=0.6363, 0.3s
  Epoch 20/100 - loss=0.1979, sparse=0.0078, val_f1=0.6507, 0.3s
  Epoch 30/100 - loss=0.1539, sparse=0.0078, val_f1=0.6618, 0.3s
  Epoch 40/100 - loss=0.1219, sparse=0.0078, val_f1=0.6641, 0.3s
  Epoch 50/100 - loss=0.1115, sparse=0.0078, val_f1=0.6532, 0.3s
  Epoch 60/100 - loss=0.0832, sparse=0.0078, val_f1=0.6525, 0.3s
  Early stopping at epoch 62
  Seed 42: test_acc=0.7277

=== Seed 101 ===
  Epoch 1/100 - loss=0.6427, sparse=0.0078, val_f1=0.5384, 0.3s
  Epoch 10/100 - loss=0.2894, sparse=0.0078, val_f1=0.6746, 0.3s
  Epoch 20/100 - loss=0.2013, sparse=0.0078, val_f1=0.6786, 0.3s
  Epoch 30/100 - loss=0.1668, sparse=0.0078, val_f1=0.6726, 0.3s
  Epoch 40/100 - loss=0.1297, sparse=0.0078, val_f1=0.6655, 0.3s
  Early stopping at epoch 46
  Seed 101: test_acc=0.7193

=== Seed 202 ===
  Epoch 1/100 - loss=0.6336, sparse=0.0078, val_f1=0.4945, 0.3s
  Epoch 10/100 - loss=0.2911, sparse=0.0078, val_f1=0.6482, 0.3s
  Epoch 20/100 - loss=0.2147, sparse=0.0078, val_f1=0.6640, 0.3s
  Epoch 30/100 - loss=0.1622, sparse=0.0078, val_f1=0.6511, 0.3s
  Epoch 40/100 - loss=0.1381, sparse=0.0078, val_f1=0.6569, 0.3s
  Epoch 50/100 - loss=0.1059, sparse=0.0078, val_f1=0.6661, 0.3s
  Early stopping at epoch 50
  Seed 202: test_acc=0.7301

=== Seed 303 ===
  Epoch 1/100 - loss=0.6191, sparse=0.0078, val_f1=0.5342, 0.3s
  Epoch 10/100 - loss=0.2839, sparse=0.0078, val_f1=0.6463, 0.3s
  Epoch 20/100 - loss=0.2005, sparse=0.0078, val_f1=0.6556, 0.3s
  Epoch 30/100 - loss=0.1588, sparse=0.0078, val_f1=0.6789, 0.3s
  Epoch 40/100 - loss=0.1191, sparse=0.0078, val_f1=0.6778, 0.3s
  Epoch 50/100 - loss=0.1014, sparse=0.0078, val_f1=0.6660, 0.3s
  Epoch 60/100 - loss=0.0749, sparse=0.0078, val_f1=0.6707, 0.3s
  Early stopping at epoch 63
  Seed 303: test_acc=0.7337

=== Seed 404 ===
  Epoch 1/100 - loss=0.6291, sparse=0.0078, val_f1=0.5693, 0.3s
  Epoch 10/100 - loss=0.2678, sparse=0.0078, val_f1=0.6453, 0.3s
  Epoch 20/100 - loss=0.2034, sparse=0.0078, val_f1=0.6523, 0.3s
  Epoch 30/100 - loss=0.1679, sparse=0.0078, val_f1=0.6498, 0.3s
  Epoch 40/100 - loss=0.1305, sparse=0.0078, val_f1=0.6541, 0.3s
  Epoch 50/100 - loss=0.1080, sparse=0.0078, val_f1=0.6584, 0.3s
  Epoch 60/100 - loss=0.0782, sparse=0.0078, val_f1=0.6796, 0.3s
  Epoch 70/100 - loss=0.0814, sparse=0.0078, val_f1=0.6603, 0.3s
  Early stopping at epoch 75
  Seed 404: test_acc=0.7289

--- Ensemble Results ---
  acc=0.7639, f1_macro=0.6840, f1_weighted=0.7629, kappa=0.6651
Artifacts saved to /home/mmann1123/Documents/github/South_Africa_Crop_Comp/experiments/ltae_s_sensitivity/models/g1.2_h4_lam0
Total time: 89.0s
