=== L-TAE-S Field Training === Fraction: 1.0, Device: cuda
  gamma=1.2, n_head=32, entropy_lambda=0.0, time_varying=True
Loading data...
Feature cols: 60 (expected 60)
Aggregating to field level...
Field-level shape: (4147, 62)
Train FIDs: 2653 -> 2653 (100%)
Split: train=2653, val=664, test=830
  loss=focal, sampler=off

=== Seed 42 ===
  Epoch 1/100 - loss=0.7189, sparse=0.0078, val_f1=0.4892, 1.3s
  Epoch 10/100 - loss=0.3095, sparse=0.0078, val_f1=0.6463, 0.8s
  Epoch 20/100 - loss=0.2322, sparse=0.0078, val_f1=0.6412, 0.8s
  Epoch 30/100 - loss=0.1775, sparse=0.0078, val_f1=0.6535, 0.8s
  Epoch 40/100 - loss=0.1485, sparse=0.0078, val_f1=0.6362, 0.8s
  Epoch 50/100 - loss=0.1152, sparse=0.0078, val_f1=0.6485, 0.8s
  Early stopping at epoch 58
  Seed 42: test_acc=0.7205

=== Seed 101 ===
  Epoch 1/100 - loss=0.6977, sparse=0.0078, val_f1=0.5534, 0.8s
  Epoch 10/100 - loss=0.2899, sparse=0.0078, val_f1=0.6481, 0.8s
  Epoch 20/100 - loss=0.2410, sparse=0.0078, val_f1=0.6510, 0.8s
  Epoch 30/100 - loss=0.1898, sparse=0.0078, val_f1=0.6424, 0.8s
  Early stopping at epoch 31
  Seed 101: test_acc=0.7145

=== Seed 202 ===
  Epoch 1/100 - loss=0.7073, sparse=0.0078, val_f1=0.4676, 0.8s
  Epoch 10/100 - loss=0.2957, sparse=0.0078, val_f1=0.6308, 0.8s
  Epoch 20/100 - loss=0.2457, sparse=0.0078, val_f1=0.6427, 0.8s
  Epoch 30/100 - loss=0.1979, sparse=0.0078, val_f1=0.6535, 0.8s
  Early stopping at epoch 34
  Seed 202: test_acc=0.7048

=== Seed 303 ===
  Epoch 1/100 - loss=0.6838, sparse=0.0078, val_f1=0.5035, 0.8s
  Epoch 10/100 - loss=0.3019, sparse=0.0078, val_f1=0.6528, 0.8s
  Epoch 20/100 - loss=0.2383, sparse=0.0078, val_f1=0.6556, 0.7s
  Epoch 30/100 - loss=0.1834, sparse=0.0078, val_f1=0.6422, 0.8s
  Early stopping at epoch 38
  Seed 303: test_acc=0.7217

=== Seed 404 ===
  Epoch 1/100 - loss=0.6899, sparse=0.0078, val_f1=0.4926, 0.8s
  Epoch 10/100 - loss=0.2949, sparse=0.0078, val_f1=0.6398, 0.8s
  Epoch 20/100 - loss=0.2288, sparse=0.0078, val_f1=0.6388, 0.8s
  Early stopping at epoch 21
  Seed 404: test_acc=0.7024

--- Ensemble Results ---
  acc=0.7361, f1_macro=0.6540, f1_weighted=0.7372, kappa=0.6282
Artifacts saved to /home/mmann1123/Documents/github/South_Africa_Crop_Comp/experiments/ltae_s_sensitivity/models/g1.2_h32_lam0
Total time: 147.7s
