=== L-TAE-S Field Training === Fraction: 1.0, Device: cuda
  gamma=1.5, n_head=16, entropy_lambda=0.1, time_varying=True
Loading data...
Feature cols: 60 (expected 60)
Aggregating to field level...
Field-level shape: (4147, 62)
Train FIDs: 2653 -> 2653 (100%)
Split: train=2653, val=664, test=830
  loss=focal, sampler=off

=== Seed 42 ===
  Epoch 1/100 - loss=0.7185, sparse=0.2462, val_f1=0.5133, 1.3s
  Epoch 10/100 - loss=0.3193, sparse=0.1793, val_f1=0.6692, 0.5s
  Epoch 20/100 - loss=0.2479, sparse=0.1664, val_f1=0.6564, 0.5s
  Epoch 30/100 - loss=0.2066, sparse=0.1600, val_f1=0.6471, 0.5s
  Early stopping at epoch 37
  Seed 42: test_acc=0.7373

=== Seed 101 ===
  Epoch 1/100 - loss=0.7425, sparse=0.2502, val_f1=0.4974, 0.5s
  Epoch 10/100 - loss=0.3240, sparse=0.1785, val_f1=0.6462, 0.5s
  Epoch 20/100 - loss=0.2426, sparse=0.1713, val_f1=0.6447, 0.5s
  Epoch 30/100 - loss=0.1980, sparse=0.1623, val_f1=0.6628, 0.5s
  Early stopping at epoch 38
  Seed 101: test_acc=0.7265

=== Seed 202 ===
  Epoch 1/100 - loss=0.7343, sparse=0.2527, val_f1=0.5059, 0.5s
  Epoch 10/100 - loss=0.3309, sparse=0.1819, val_f1=0.6402, 0.5s
  Epoch 20/100 - loss=0.2570, sparse=0.1689, val_f1=0.6419, 0.5s
  Early stopping at epoch 28
  Seed 202: test_acc=0.7060

=== Seed 303 ===
  Epoch 1/100 - loss=0.7394, sparse=0.2532, val_f1=0.4819, 0.5s
  Epoch 10/100 - loss=0.3320, sparse=0.1807, val_f1=0.6549, 0.5s
  Epoch 20/100 - loss=0.2501, sparse=0.1666, val_f1=0.6234, 0.5s
  Early stopping at epoch 25
  Seed 303: test_acc=0.7036

=== Seed 404 ===
  Epoch 1/100 - loss=0.7076, sparse=0.2498, val_f1=0.5081, 0.5s
  Epoch 10/100 - loss=0.3239, sparse=0.1769, val_f1=0.6449, 0.5s
  Epoch 20/100 - loss=0.2532, sparse=0.1699, val_f1=0.6237, 0.7s
  Epoch 30/100 - loss=0.2019, sparse=0.1620, val_f1=0.6402, 0.5s
  Early stopping at epoch 31
  Seed 404: test_acc=0.7000

--- Ensemble Results ---
  acc=0.7373, f1_macro=0.6541, f1_weighted=0.7393, kappa=0.6305
Artifacts saved to /home/mmann1123/Documents/github/South_Africa_Crop_Comp/experiments/ltae_s_sensitivity/models/g1.5_h16_lam0.1
Total time: 86.0s
