=== L-TAE-S Field Training === Fraction: 1.0, Device: cuda
  gamma=2.0, n_head=32, entropy_lambda=0.0, time_varying=True
Loading data...
Feature cols: 60 (expected 60)
Aggregating to field level...
Field-level shape: (4147, 62)
Train FIDs: 2653 -> 2653 (100%)
Split: train=2653, val=664, test=830
  loss=focal, sampler=off

=== Seed 42 ===
/home/mmann1123/Documents/github/South_Africa_Crop_Comp/experiments/field_reduction/train_ltae_sparse_field.py:197: UserWarning: Detected call of `lr_scheduler.step()` before `optimizer.step()`. In PyTorch 1.1.0 and later, you should call them in the opposite order: `optimizer.step()` before `lr_scheduler.step()`.  Failure to do this will result in PyTorch skipping the first value of the learning rate schedule. See more details at https://pytorch.org/docs/stable/optim.html#how-to-adjust-learning-rate
  scheduler.step()
  Epoch 1/100 - loss=0.9169, sparse=0.0078, val_f1=0.1809, 1.3s
  Epoch 10/100 - loss=0.4709, sparse=0.0078, val_f1=0.5506, 0.7s
  Epoch 20/100 - loss=0.4257, sparse=0.0078, val_f1=0.2030, 0.7s
  Epoch 30/100 - loss=0.4996, sparse=0.0078, val_f1=0.2820, 0.8s
  Early stopping at epoch 33
  Seed 42: test_acc=0.6771

=== Seed 101 ===
/home/mmann1123/Documents/github/South_Africa_Crop_Comp/experiments/field_reduction/train_ltae_sparse_field.py:197: UserWarning: Detected call of `lr_scheduler.step()` before `optimizer.step()`. In PyTorch 1.1.0 and later, you should call them in the opposite order: `optimizer.step()` before `lr_scheduler.step()`.  Failure to do this will result in PyTorch skipping the first value of the learning rate schedule. See more details at https://pytorch.org/docs/stable/optim.html#how-to-adjust-learning-rate
  scheduler.step()
  Epoch 1/100 - loss=0.9307, sparse=0.0078, val_f1=0.1253, 0.7s
  Epoch 10/100 - loss=0.4324, sparse=0.0078, val_f1=0.5796, 0.8s
  Epoch 20/100 - loss=0.4022, sparse=0.0078, val_f1=0.6038, 0.7s
  Epoch 30/100 - loss=0.3592, sparse=0.0078, val_f1=0.6113, 0.8s
  Early stopping at epoch 36
  Seed 101: test_acc=0.7096

=== Seed 202 ===
/home/mmann1123/Documents/github/South_Africa_Crop_Comp/experiments/field_reduction/train_ltae_sparse_field.py:197: UserWarning: Detected call of `lr_scheduler.step()` before `optimizer.step()`. In PyTorch 1.1.0 and later, you should call them in the opposite order: `optimizer.step()` before `lr_scheduler.step()`.  Failure to do this will result in PyTorch skipping the first value of the learning rate schedule. See more details at https://pytorch.org/docs/stable/optim.html#how-to-adjust-learning-rate
  scheduler.step()
  Epoch 1/100 - loss=0.9240, sparse=0.0078, val_f1=0.1831, 0.7s
  Epoch 10/100 - loss=0.4659, sparse=0.0078, val_f1=0.5935, 0.8s
  Epoch 20/100 - loss=0.4032, sparse=0.0078, val_f1=0.5993, 0.8s
  Epoch 30/100 - loss=0.4198, sparse=0.0078, val_f1=0.6087, 0.8s
  Epoch 40/100 - loss=0.3784, sparse=0.0078, val_f1=0.6284, 0.8s
  Early stopping at epoch 49
  Seed 202: test_acc=0.7108

=== Seed 303 ===
/home/mmann1123/Documents/github/South_Africa_Crop_Comp/experiments/field_reduction/train_ltae_sparse_field.py:197: UserWarning: Detected call of `lr_scheduler.step()` before `optimizer.step()`. In PyTorch 1.1.0 and later, you should call them in the opposite order: `optimizer.step()` before `lr_scheduler.step()`.  Failure to do this will result in PyTorch skipping the first value of the learning rate schedule. See more details at https://pytorch.org/docs/stable/optim.html#how-to-adjust-learning-rate
  scheduler.step()
  Epoch 1/100 - loss=0.9009, sparse=0.0078, val_f1=0.2043, 0.7s
  Epoch 10/100 - loss=0.4559, sparse=0.0078, val_f1=0.5908, 0.8s
  Epoch 20/100 - loss=0.4054, sparse=0.0078, val_f1=0.6006, 0.8s
  Epoch 30/100 - loss=0.3687, sparse=0.0078, val_f1=0.5901, 0.8s
  Epoch 40/100 - loss=0.3556, sparse=0.0078, val_f1=0.5710, 0.8s
  Early stopping at epoch 49
  Seed 303: test_acc=0.6651

=== Seed 404 ===
/home/mmann1123/Documents/github/South_Africa_Crop_Comp/experiments/field_reduction/train_ltae_sparse_field.py:197: UserWarning: Detected call of `lr_scheduler.step()` before `optimizer.step()`. In PyTorch 1.1.0 and later, you should call them in the opposite order: `optimizer.step()` before `lr_scheduler.step()`.  Failure to do this will result in PyTorch skipping the first value of the learning rate schedule. See more details at https://pytorch.org/docs/stable/optim.html#how-to-adjust-learning-rate
  scheduler.step()
  Epoch 1/100 - loss=0.9262, sparse=0.0078, val_f1=0.1684, 0.8s
  Epoch 10/100 - loss=0.4488, sparse=0.0078, val_f1=0.5815, 0.8s
  Epoch 20/100 - loss=0.3892, sparse=0.0078, val_f1=0.6012, 0.8s
  Epoch 30/100 - loss=0.3910, sparse=0.0078, val_f1=0.6028, 0.7s
  Early stopping at epoch 38
  Seed 404: test_acc=0.6976

--- Ensemble Results ---
  acc=0.7096, f1_macro=0.6207, f1_weighted=0.7131, kappa=0.5909
Artifacts saved to /home/mmann1123/Documents/github/South_Africa_Crop_Comp/experiments/ltae_s_sensitivity/models/g2.0_h32_lam0
Total time: 164.8s
