=== L-TAE-S Field Training === Fraction: 1.0, Device: cuda
  gamma=2.0, n_head=16, entropy_lambda=0.0, time_varying=True
Loading data...
Feature cols: 60 (expected 60)
Aggregating to field level...
Field-level shape: (4147, 62)
Train FIDs: 2653 -> 2653 (100%)
Split: train=2653, val=664, test=830
  loss=focal, sampler=off

=== Seed 42 ===
  Epoch 1/100 - loss=0.7918, sparse=0.0078, val_f1=0.4740, 1.0s
  Epoch 10/100 - loss=0.3459, sparse=0.0078, val_f1=0.6365, 0.5s
  Epoch 20/100 - loss=0.2947, sparse=0.0078, val_f1=0.6541, 0.5s
  Epoch 30/100 - loss=0.2720, sparse=0.0078, val_f1=0.6647, 0.5s
  Early stopping at epoch 37
  Seed 42: test_acc=0.7084

=== Seed 101 ===
  Epoch 1/100 - loss=0.8049, sparse=0.0078, val_f1=0.4398, 0.5s
  Epoch 10/100 - loss=0.3544, sparse=0.0078, val_f1=0.6267, 0.5s
  Epoch 20/100 - loss=0.3038, sparse=0.0078, val_f1=0.6242, 0.5s
  Early stopping at epoch 29
  Seed 101: test_acc=0.6892

=== Seed 202 ===
  Epoch 1/100 - loss=0.7826, sparse=0.0078, val_f1=0.4866, 0.5s
  Epoch 10/100 - loss=0.3488, sparse=0.0078, val_f1=0.6195, 0.5s
  Epoch 20/100 - loss=0.3164, sparse=0.0078, val_f1=0.6343, 0.5s
  Epoch 30/100 - loss=0.2853, sparse=0.0078, val_f1=0.6490, 0.5s
  Epoch 40/100 - loss=0.2559, sparse=0.0078, val_f1=0.6492, 0.5s
  Early stopping at epoch 48
  Seed 202: test_acc=0.7241

=== Seed 303 ===
  Epoch 1/100 - loss=0.7925, sparse=0.0078, val_f1=0.4410, 0.5s
  Epoch 10/100 - loss=0.3541, sparse=0.0078, val_f1=0.6267, 0.5s
  Epoch 20/100 - loss=0.3174, sparse=0.0078, val_f1=0.6211, 0.5s
  Early stopping at epoch 28
  Seed 303: test_acc=0.7072

=== Seed 404 ===
  Epoch 1/100 - loss=0.7971, sparse=0.0078, val_f1=0.4588, 0.5s
  Epoch 10/100 - loss=0.3335, sparse=0.0078, val_f1=0.6253, 0.5s
  Epoch 20/100 - loss=0.3261, sparse=0.0078, val_f1=0.6479, 0.5s
  Epoch 30/100 - loss=0.2812, sparse=0.0078, val_f1=0.6514, 0.5s
  Epoch 40/100 - loss=0.2564, sparse=0.0078, val_f1=0.6515, 0.5s
  Early stopping at epoch 42
  Seed 404: test_acc=0.7229

--- Ensemble Results ---
  acc=0.7313, f1_macro=0.6351, f1_weighted=0.7288, kappa=0.6173
Artifacts saved to /home/mmann1123/Documents/github/South_Africa_Crop_Comp/experiments/ltae_s_sensitivity/models/g2.0_h16_lam0
Total time: 99.7s
