=== L-TAE-S Field Training === Fraction: 1.0, Device: cuda
  gamma=3.0, n_head=32, entropy_lambda=0.0, time_varying=True
Loading data...
Feature cols: 60 (expected 60)
Aggregating to field level...
Field-level shape: (4147, 62)
Train FIDs: 2653 -> 2653 (100%)
Split: train=2653, val=664, test=830
  loss=focal, sampler=off

=== Seed 42 ===
/home/mmann1123/Documents/github/South_Africa_Crop_Comp/experiments/field_reduction/train_ltae_sparse_field.py:197: UserWarning: Detected call of `lr_scheduler.step()` before `optimizer.step()`. In PyTorch 1.1.0 and later, you should call them in the opposite order: `optimizer.step()` before `lr_scheduler.step()`.  Failure to do this will result in PyTorch skipping the first value of the learning rate schedule. See more details at https://pytorch.org/docs/stable/optim.html#how-to-adjust-learning-rate
  scheduler.step()
  Epoch 1/100 - loss=0.9144, sparse=0.0078, val_f1=0.1855, 1.2s
  Epoch 10/100 - loss=0.7187, sparse=0.0078, val_f1=0.2502, 0.8s
  Epoch 20/100 - loss=0.8522, sparse=0.0078, val_f1=0.0416, 0.8s
  Early stopping at epoch 24
  Seed 42: test_acc=0.3229

=== Seed 101 ===
/home/mmann1123/Documents/github/South_Africa_Crop_Comp/experiments/field_reduction/train_ltae_sparse_field.py:197: UserWarning: Detected call of `lr_scheduler.step()` before `optimizer.step()`. In PyTorch 1.1.0 and later, you should call them in the opposite order: `optimizer.step()` before `lr_scheduler.step()`.  Failure to do this will result in PyTorch skipping the first value of the learning rate schedule. See more details at https://pytorch.org/docs/stable/optim.html#how-to-adjust-learning-rate
  scheduler.step()
  Epoch 1/100 - loss=0.9308, sparse=0.0078, val_f1=0.1302, 0.8s
  Epoch 10/100 - loss=0.6801, sparse=0.0078, val_f1=0.0535, 0.8s
  Epoch 20/100 - loss=0.7345, sparse=0.0078, val_f1=0.0824, 0.8s
  Early stopping at epoch 28
  Seed 101: test_acc=0.2470

=== Seed 202 ===
/home/mmann1123/Documents/github/South_Africa_Crop_Comp/experiments/field_reduction/train_ltae_sparse_field.py:197: UserWarning: Detected call of `lr_scheduler.step()` before `optimizer.step()`. In PyTorch 1.1.0 and later, you should call them in the opposite order: `optimizer.step()` before `lr_scheduler.step()`.  Failure to do this will result in PyTorch skipping the first value of the learning rate schedule. See more details at https://pytorch.org/docs/stable/optim.html#how-to-adjust-learning-rate
  scheduler.step()
  Epoch 1/100 - loss=0.9258, sparse=0.0078, val_f1=0.1814, 0.8s
  Epoch 10/100 - loss=0.7496, sparse=0.0078, val_f1=0.4557, 0.8s
  Epoch 20/100 - loss=0.7716, sparse=0.0078, val_f1=0.0416, 0.8s
  Early stopping at epoch 27
  Seed 202: test_acc=0.5229

=== Seed 303 ===
/home/mmann1123/Documents/github/South_Africa_Crop_Comp/experiments/field_reduction/train_ltae_sparse_field.py:197: UserWarning: Detected call of `lr_scheduler.step()` before `optimizer.step()`. In PyTorch 1.1.0 and later, you should call them in the opposite order: `optimizer.step()` before `lr_scheduler.step()`.  Failure to do this will result in PyTorch skipping the first value of the learning rate schedule. See more details at https://pytorch.org/docs/stable/optim.html#how-to-adjust-learning-rate
  scheduler.step()
  Epoch 1/100 - loss=0.9038, sparse=0.0078, val_f1=0.1981, 0.8s
  Epoch 10/100 - loss=0.7077, sparse=0.0078, val_f1=0.4945, 0.8s
  Epoch 20/100 - loss=1.2269, sparse=0.0078, val_f1=0.2331, 0.8s
  Early stopping at epoch 25
  Seed 303: test_acc=0.5325

=== Seed 404 ===
/home/mmann1123/Documents/github/South_Africa_Crop_Comp/experiments/field_reduction/train_ltae_sparse_field.py:197: UserWarning: Detected call of `lr_scheduler.step()` before `optimizer.step()`. In PyTorch 1.1.0 and later, you should call them in the opposite order: `optimizer.step()` before `lr_scheduler.step()`.  Failure to do this will result in PyTorch skipping the first value of the learning rate schedule. See more details at https://pytorch.org/docs/stable/optim.html#how-to-adjust-learning-rate
  scheduler.step()
  Epoch 1/100 - loss=0.9260, sparse=0.0078, val_f1=0.1680, 0.8s
  Epoch 10/100 - loss=0.6731, sparse=0.0078, val_f1=0.4790, 0.8s
  Epoch 20/100 - loss=0.7019, sparse=0.0078, val_f1=0.0416, 0.8s
  Early stopping at epoch 25
  Seed 404: test_acc=0.5602

--- Ensemble Results ---
  acc=0.2807, f1_macro=0.2723, f1_weighted=0.1854, kappa=0.1565
Artifacts saved to /home/mmann1123/Documents/github/South_Africa_Crop_Comp/experiments/ltae_s_sensitivity/models/g3.0_h32_lam0
Total time: 109.5s
