=== L-TAE-S Field Training === Fraction: 1.0, Device: cuda
  gamma=3.0, n_head=8, entropy_lambda=0.0, time_varying=True
Loading data...
Feature cols: 60 (expected 60)
Aggregating to field level...
Field-level shape: (4147, 62)
Train FIDs: 2653 -> 2653 (100%)
Split: train=2653, val=664, test=830
  loss=focal, sampler=off

=== Seed 42 ===
  Epoch 1/100 - loss=0.7282, sparse=0.0078, val_f1=0.4641, 0.9s
  Epoch 10/100 - loss=0.3422, sparse=0.0078, val_f1=0.6221, 0.3s
  Epoch 20/100 - loss=0.2729, sparse=0.0078, val_f1=0.6562, 0.4s
  Epoch 30/100 - loss=0.2449, sparse=0.0078, val_f1=0.6526, 0.3s
  Early stopping at epoch 38
  Seed 42: test_acc=0.7024

=== Seed 101 ===
  Epoch 1/100 - loss=0.7457, sparse=0.0078, val_f1=0.5018, 0.4s
  Epoch 10/100 - loss=0.3319, sparse=0.0078, val_f1=0.6356, 0.4s
  Epoch 20/100 - loss=0.2766, sparse=0.0078, val_f1=0.6517, 0.4s
  Early stopping at epoch 29
  Seed 101: test_acc=0.7181

=== Seed 202 ===
  Epoch 1/100 - loss=0.7696, sparse=0.0078, val_f1=0.4232, 0.4s
  Epoch 10/100 - loss=0.3406, sparse=0.0078, val_f1=0.6410, 0.4s
  Epoch 20/100 - loss=0.2854, sparse=0.0078, val_f1=0.6425, 0.4s
  Epoch 30/100 - loss=0.2454, sparse=0.0078, val_f1=0.6238, 0.3s
  Early stopping at epoch 36
  Seed 202: test_acc=0.7072

=== Seed 303 ===
  Epoch 1/100 - loss=0.7437, sparse=0.0078, val_f1=0.4558, 0.3s
  Epoch 10/100 - loss=0.3283, sparse=0.0078, val_f1=0.6297, 0.4s
  Epoch 20/100 - loss=0.2892, sparse=0.0078, val_f1=0.6359, 0.4s
  Epoch 30/100 - loss=0.2406, sparse=0.0078, val_f1=0.6351, 0.4s
  Epoch 40/100 - loss=0.2056, sparse=0.0078, val_f1=0.6467, 0.4s
  Epoch 50/100 - loss=0.1593, sparse=0.0078, val_f1=0.6474, 0.4s
  Epoch 60/100 - loss=0.1374, sparse=0.0078, val_f1=0.6545, 0.3s
  Early stopping at epoch 62
  Seed 303: test_acc=0.7193

=== Seed 404 ===
  Epoch 1/100 - loss=0.7515, sparse=0.0078, val_f1=0.5206, 0.4s
  Epoch 10/100 - loss=0.3420, sparse=0.0078, val_f1=0.6239, 0.4s
  Epoch 20/100 - loss=0.2857, sparse=0.0078, val_f1=0.6515, 0.4s
  Epoch 30/100 - loss=0.2426, sparse=0.0078, val_f1=0.6384, 0.4s
  Early stopping at epoch 35
  Seed 404: test_acc=0.7193

--- Ensemble Results ---
  acc=0.7446, f1_macro=0.6571, f1_weighted=0.7443, kappa=0.6387
Artifacts saved to /home/mmann1123/Documents/github/South_Africa_Crop_Comp/experiments/ltae_s_sensitivity/models/g3.0_h8_lam0
Total time: 79.3s
