OK           A CNN-SVM study based on selected deep features for grapevine leaves classification.md  ref=10.1016/j.measurement.2021.110425  key=koklu2022cnn  inject=unchanged  src=crossref:https://api.crossref.org/works/10.1016/j.measurement.2021.110425/transform/application/x-bibtex
OK           Analysis of time-series MODIS 250 m vegetation index data for crop classification in the U.S. Central Great Plains.md  ref=10.1016/j.rse.2006.11.021  key=wardlow2007analysis  inject=unchanged  src=crossref:https://api.crossref.org/works/10.1016/j.rse.2006.11.021/transform/application/x-bibtex
OK           Characterising maize and intercropped maize spectral signatures for cropping pattern classification.md  ref=10.1016/j.jag.2024.103699  key=mahlayeye2024characterising  inject=unchanged  src=crossref:https://api.crossref.org/works/10.1016/j.jag.2024.103699/transform/application/x-bibtex
OK           Crop Classification Method Based on Optimal Feature Selection and Hybrid CNN-RF Networks for Multi-Temporal Remote Sensing Imagery.md  ref=10.3390/rs12193119  key=yang2020method  inject=unchanged  src=crossref:https://api.crossref.org/works/10.3390/rs12193119/transform/application/x-bibtex
OK           Crop classification based on phenology information by using time series of optical and synthetic-aperture radar images.md  ref=10.1016/j.rsase.2022.100812  key=kordi2022phenology  inject=unchanged  src=crossref:https://api.crossref.org/works/10.1016/j.rsase.2022.100812/transform/application/x-bibtex
OK           Crop identification and disease classification using traditional machine learning and deep learning approaches.md  ref=10.36909/jer.11941  key=rangarajan2023identification  inject=unchanged  src=crossref:https://api.crossref.org/works/10.36909/jer.11941/transform/application/x-bibtex
OK           Crop type mapping by using transfer learning.md  ref=10.1016/j.jag.2021.102313  key=nowakowski2021type  inject=unchanged  src=crossref:https://api.crossref.org/works/10.1016/j.jag.2021.102313/transform/application/x-bibtex
OK           Deep Architectures Fail to Generalize: A Lightweight Alternative for Agricultural Domain Transfer in Hyperspectral Images.md  ref=10.3390/s26010174  key=pankajakshan2025deep  inject=unchanged  src=crossref:https://api.crossref.org/works/10.3390/s26010174/transform/application/x-bibtex
OK           Deep Learning Applications for Crop Mapping Using Multi-Temporal Sentinel-2 Data and Red-Edge Vegetation Indices: Integrating Convolutional and Recurrent Neural Networks.md  ref=10.3390/rs17183207  key=tufail2025deep  inject=unchanged  src=crossref:https://api.crossref.org/works/10.3390/rs17183207/transform/application/x-bibtex
OK           Deep Learning Classification of Land Cover and.md  ref=10.1109/LGRS.2017.2681128  key=kussul2017deep  inject=unchanged  src=crossref:https://api.crossref.org/works/10.1109/LGRS.2017.2681128/transform/application/x-bibtex
OK           Deep Learning Models for the Classification of Crops in Aerial Imagery: A Review.md  ref=10.3390/agriculture13050965  key=teixeira2023deep  inject=unchanged  src=crossref:https://api.crossref.org/works/10.3390/agriculture13050965/transform/application/x-bibtex
OK           Deep learning based multi-temporal crop classification☆.md  ref=10.1016/j.rse.2018.11.032  key=zhong2019deep  inject=unchanged  src=crossref:https://api.crossref.org/works/10.1016/j.rse.2018.11.032/transform/application/x-bibtex
OK           Enhanced crop classification through integrated optical and SAR data  a deep learning approach for multi-source image fusion.md  ref=10.1080/01431161.2023.2232552  key=liu2023enhanced  inject=unchanged  src=crossref:https://api.crossref.org/works/10.1080/01431161.2023.2232552/transform/application/x-bibtex
OK           Enhancing Crop Type Mapping in Data-Scarce Regions Through.md  ref=10.3390/rs17091494  key=mai2025enhancing  inject=unchanged  src=crossref:https://api.crossref.org/works/10.3390/rs17091494/transform/application/x-bibtex
OK           From Softmax to Sparsemax - A Sparse Model of Attention and Multi-Label Classification.md  ref=1602.02068  key=martins2016softmax  inject=unchanged  src=arxiv:http://export.arxiv.org/api/query?id_list=1602.02068
OK           GREEDY FUNCTION APPROXIMATION:.md  ref=10.1214/aos/1013203451  key=friedman2001greedy  inject=unchanged  src=crossref:https://api.crossref.org/works/10.1214/aos/1013203451/transform/application/x-bibtex
OK           Implementation of machine-learning classification in remote sensing  an applied review.md  ref=10.1080/01431161.2018.1433343  key=maxwell2018implementation  inject=unchanged  src=crossref:https://api.crossref.org/works/10.1080/01431161.2018.1433343/transform/application/x-bibtex
OK           Multi-Temporal Land Cover Classification with Sequential Recurrent Encoders.md  ref=10.3390/ijgi7040129  key=ruwurm2018multi  inject=unchanged  src=crossref:https://api.crossref.org/works/10.3390/ijgi7040129/transform/application/x-bibtex
OK           Multimodal Deep Learning Based Crop Classification Using Multispectral and Multitemporal Satellite Imagery.md  ref=10.1145/3394486.3403375  key=gadiraju2020multimodal  inject=unchanged  src=crossref:https://api.crossref.org/works/10.1145/3394486.3403375/transform/application/x-bibtex
OK           Object-based crop identification using multiple vegetation indices, textural features and crop phenology.md  ref=10.1016/j.rse.2011.01.009  key=peabarragn2011object  inject=unchanged  src=crossref:https://api.crossref.org/works/10.1016/j.rse.2011.01.009/transform/application/x-bibtex
OK           Object-based crop identification using multiple vegetation indices, textural features.md  ref=10.1016/j.rse.2011.01.009  key=peabarragn2011object  inject=unchanged  src=crossref:https://api.crossref.org/works/10.1016/j.rse.2011.01.009/transform/application/x-bibtex
OK           Predicting high-magnitude, low-frequency crop losses using machine learning: an application to cereal crops in Ethiopia.md  ref=10.1007/s10584-019-02432-7  key=mann2019predicting  inject=unchanged  src=crossref:https://api.crossref.org/works/10.1007/s10584-019-02432-7/transform/application/x-bibtex
OK           Random forest in remote sensing: A review of applications and future.md  ref=10.1016/j.isprsjprs.2016.01.011  key=belgiu2016random  inject=unchanged  src=crossref:https://api.crossref.org/works/10.1016/j.isprsjprs.2016.01.011/transform/application/x-bibtex
OK           Satellite Imagery Analysis for Crop Type Segmentation Using U-Net Architecture.md  ref=10.1016/j.procs.2024.04.322  key=ayushi2024satellite  inject=unchanged  src=crossref:https://api.crossref.org/works/10.1016/j.procs.2024.04.322/transform/application/x-bibtex
OK           Smallholder maize area and yield mapping at national scales with Google Earth Engine.md  ref=10.1016/j.rse.2019.04.016  key=jin2019smallholder  inject=unchanged  src=crossref:https://api.crossref.org/works/10.1016/j.rse.2019.04.016/transform/application/x-bibtex
OK           Temporal Convolutional Neural Network for the Classification of Satellite Image Time Series.md  ref=10.3390/rs11050523  key=pelletier2019temporal  inject=unchanged  src=crossref:https://api.crossref.org/works/10.3390/rs11050523/transform/application/x-bibtex
OK           Towards weeds identification assistance through transfer learning.md  ref=10.1016/j.compag.2020.105306  key=espejogarcia2020towards  inject=unchanged  src=crossref:https://api.crossref.org/works/10.1016/j.compag.2020.105306/transform/application/x-bibtex
OK           Transfer learning in environmental remote sensing.md  ref=10.1016/j.rse.2023.113924  key=ma2024transfer  inject=unchanged  src=crossref:https://api.crossref.org/works/10.1016/j.rse.2023.113924/transform/application/x-bibtex
OK           ball2017_DL_RemoteSensing_survey.md  ref=10.1117/1.JRS.11.042609  key=ball2017comprehensive  inject=unchanged  src=crossref:https://api.crossref.org/works/10.1117/1.JRS.11.042609/transform/application/x-bibtex
OK           bandar2024_BiLSTM_TCN.md  ref=10.53433/yyufbed.1335866  key=bandar2024attention  inject=unchanged  src=crossref:https://api.crossref.org/works/10.53433/yyufbed.1335866/transform/application/x-bibtex
OK           begue2020_RS_Africa_policy.md  ref=10.3389/fsufs.2020.00058  key=bgu2020products  inject=unchanged  src=crossref:https://api.crossref.org/works/10.3389/fsufs.2020.00058/transform/application/x-bibtex
OK           breiman2001_RandomForests.md  ref=10.1023/A:1010933404324  key=breiman2001random  inject=unchanged  src=crossref:https://api.crossref.org/works/10.1023/A%3A1010933404324/transform/application/x-bibtex
OK           cropformer2023_Wang.md  ref=10.3389/fpls.2023.1130659  key=wang2023cropformer  inject=unchanged  src=crossref:https://api.crossref.org/works/10.3389/fpls.2023.1130659/transform/application/x-bibtex
OK           forests-14-01881.md  ref=10.3390/f14091881  key=fan2023land  inject=unchanged  src=crossref:https://api.crossref.org/works/10.3390/f14091881/transform/application/x-bibtex
NO_DOI       hohl2024_XAI_RemoteSensing.md
OK           ieee2017_Ienco_RNN.md  ref=10.1109/lgrs.2017.2728698  key=ienco2017land  inject=unchanged  src=crossref:https://api.crossref.org/works/10.1109/lgrs.2017.2728698/transform/application/x-bibtex
NO_DOI       ke2017_LightGBM_NeurIPS.md
OK           ltae2020_Garnot_LTAE.md  ref=10.1007/978-3-030-65742-0_12  key=garnot2020lightweight  inject=unchanged  src=crossref:https://api.crossref.org/works/10.1007/978-3-030-65742-0_12/transform/application/x-bibtex
NO_DOI       rustowicz2019_CropType_Africa.md
OK           saini2018_RF_SVM_Sentinel2.md  ref=10.5194/isprs-archives-XLII-5-683-2018  key=saini2018single  inject=unchanged  src=crossref:https://api.crossref.org/works/10.5194/isprs-archives-XLII-5-683-2018/transform/application/x-bibtex
OK           tabnet_orig_Arik.md  ref=10.1609/aaai.v35i8.16826  key=arik2021tabnet  inject=unchanged  src=crossref:https://api.crossref.org/works/10.1609/aaai.v35i8.16826/transform/application/x-bibtex
OK           xgboost_chen2016.md  ref=10.1145/2939672.2939785  key=chen2016xgboost  inject=unchanged  src=crossref:https://api.crossref.org/works/10.1145/2939672.2939785/transform/application/x-bibtex
