This is pdfTeX, Version 3.141592653-2.6-1.40.22 (TeX Live 2022/dev/Debian) (preloaded format=pdflatex 2026.2.2)  23 JUN 2026 10:56
entering extended mode
 restricted \write18 enabled.
 %&-line parsing enabled.
**sn-article.tex
(./sn-article.tex
LaTeX2e <2021-11-15> patch level 1
L3 programming layer <2022-01-21> (./sn-jnl.cls
Document Class: sn-jnl 2019/11/18 v0.1: An authoring template for Springer Jour
nal articles
(/usr/share/texlive/texmf-dist/tex/latex/base/article.cls
Document Class: article 2021/10/04 v1.4n Standard LaTeX document class
(/usr/share/texlive/texmf-dist/tex/latex/base/fleqn.clo
File: fleqn.clo 2016/12/29 v1.2b Standard LaTeX option (flush left equations)
\mathindent=\skip47
Applying: [2015/01/01] Make \[ robust on input line 50.
LaTeX Info: Redefining \[ on input line 51.
Already applied: [0000/00/00] Make \[ robust on input line 62.
Applying: [2015/01/01] Make \] robust on input line 74.
LaTeX Info: Redefining \] on input line 75.
Already applied: [0000/00/00] Make \] robust on input line 83.
)
(/usr/share/texlive/texmf-dist/tex/latex/base/size10.clo
File: size10.clo 2021/10/04 v1.4n Standard LaTeX file (size option)
)
\c@part=\count185
\c@section=\count186
\c@subsection=\count187
\c@subsubsection=\count188
\c@paragraph=\count189
\c@subparagraph=\count190
\c@figure=\count191
\c@table=\count192
\abovecaptionskip=\skip48
\belowcaptionskip=\skip49
\bibindent=\dimen138
)
LaTeX Info: Redefining \rm on input line 146.
LaTeX Info: Redefining \sf on input line 147.
LaTeX Info: Redefining \tt on input line 148.
LaTeX Info: Redefining \bf on input line 149.
LaTeX Info: Redefining \it on input line 150.
LaTeX Info: Redefining \sl on input line 151.
LaTeX Info: Redefining \sc on input line 152.
LaTeX Info: Redefining \cal on input line 153.
LaTeX Info: Redefining \mit on input line 154.
LaTeX Info: Redefining \textsubscript on input line 212.
\columnhsize=\skip50

(/usr/share/texlive/texmf-dist/tex/latex/geometry/geometry.sty
Package: geometry 2020/01/02 v5.9 Page Geometry

(/usr/share/texlive/texmf-dist/tex/latex/graphics/keyval.sty
Package: keyval 2014/10/28 v1.15 key=value parser (DPC)
\KV@toks@=\toks16
)
(/usr/share/texlive/texmf-dist/tex/generic/iftex/ifvtex.sty
Package: ifvtex 2019/10/25 v1.7 ifvtex legacy package. Use iftex instead.

(/usr/share/texlive/texmf-dist/tex/generic/iftex/iftex.sty
Package: iftex 2020/03/06 v1.0d TeX engine tests
))
\Gm@cnth=\count193
\Gm@cntv=\count194
\c@Gm@tempcnt=\count195
\Gm@bindingoffset=\dimen139
\Gm@wd@mp=\dimen140
\Gm@odd@mp=\dimen141
\Gm@even@mp=\dimen142
\Gm@layoutwidth=\dimen143
\Gm@layoutheight=\dimen144
\Gm@layouthoffset=\dimen145
\Gm@layoutvoffset=\dimen146
\Gm@dimlist=\toks17
)
\artcatbox=\box50
\aucount=\count196
\corraucount=\count197
\punctcount=\count198
\emailcnt=\count199
\c@affn=\count266
\addcount=\count267
\PacsCount=\count268
\PacsTmpCnt=\count269
\FMremarkdim=\dimen147
\fmremarkbox=\box51

(/usr/share/texlive/texmf-dist/tex/latex/sttools/cuted.sty
Package: cuted 2021/10/04 v2.0 Mixing onecolumn and twocolumn modes
\At@ViperColsBreak=\toks18
\preCutedStrip=\toks19
\postCutedStrip=\toks20
\cuted@@tempbox@a=\box52
\cuted@@tempbox@c=\box53
\cuted@@tempbox@var=\box54
\hold@viper=\box55
\@viper=\box56
\cuted@@varbox@a=\box57
\cuted@@varbox@c=\box58
\cuted@@tempdim@spread=\dimen148
\cuted@@tempdim@a=\dimen149
\cuted@@tempdim@b=\dimen150
\ht@hold@viper=\dimen151
\ht@viper=\dimen152
\var@@pagediscards@ht=\dimen153
\stripsep=\skip51
\viper@penalty=\count270
)
\firstpagehtcheck=\dimen154
\labelwidthi=\dimen155
\labelwidthii=\dimen156
\labelwidthiii=\dimen157
\labelwidthiv=\dimen158
\figwidth=\dimen159
\figheight=\dimen160
\sidecapwidth=\dimen161
\wrapcapline=\dimen162
\totalwrapline=\dimen163
\wraptotline=\dimen164
\figurebox=\box59
\wrapfigcapbox=\box60
\figcapbox=\box61
\capbox=\box62
\headwidthskip=\skip52
\tabcapbox=\box63
\temptbox=\box64
\tempdime=\dimen165
\tabhtdime=\dimen166

(/usr/share/texlive/texmf-dist/tex/latex/graphics/rotating.sty
Package: rotating 2016/08/11 v2.16d rotated objects in LaTeX

(/usr/share/texlive/texmf-dist/tex/latex/graphics/graphicx.sty
Package: graphicx 2021/09/16 v1.2d Enhanced LaTeX Graphics (DPC,SPQR)

(/usr/share/texlive/texmf-dist/tex/latex/graphics/graphics.sty
Package: graphics 2021/03/04 v1.4d Standard LaTeX Graphics (DPC,SPQR)

(/usr/share/texlive/texmf-dist/tex/latex/graphics/trig.sty
Package: trig 2021/08/11 v1.11 sin cos tan (DPC)
)
(/usr/share/texlive/texmf-dist/tex/latex/graphics-cfg/graphics.cfg
File: graphics.cfg 2016/06/04 v1.11 sample graphics configuration
)
Package graphics Info: Driver file: pdftex.def on input line 107.

(/usr/share/texlive/texmf-dist/tex/latex/graphics-def/pdftex.def
File: pdftex.def 2020/10/05 v1.2a Graphics/color driver for pdftex
))
\Gin@req@height=\dimen167
\Gin@req@width=\dimen168
)
(/usr/share/texlive/texmf-dist/tex/latex/base/ifthen.sty
Package: ifthen 2020/11/24 v1.1c Standard LaTeX ifthen package (DPC)
)
\c@r@tfl@t=\count271
\rotFPtop=\skip53
\rotFPbot=\skip54
\rot@float@box=\box65
\rot@mess@toks=\toks21
)
(/usr/share/texlive/texmf-dist/tex/latex/threeparttable/threeparttable.sty
Package: threeparttable 2003/06/13  v 3.0
\@tempboxb=\box66
)
(/usr/share/texlive/texmf-dist/tex/latex/appendix/appendix.sty
Package: appendix 2020/02/08 v1.2c extra appendix facilities
\c@@pps=\count272
\c@@ppsavesec=\count273
\c@@ppsaveapp=\count274
)
(/usr/share/texlive/texmf-dist/tex/latex/hyperref/hyperref.sty
Package: hyperref 2021-06-07 v7.00m Hypertext links for LaTeX

(/usr/share/texlive/texmf-dist/tex/generic/ltxcmds/ltxcmds.sty
Package: ltxcmds 2020-05-10 v1.25 LaTeX kernel commands for general use (HO)
)
(/usr/share/texlive/texmf-dist/tex/generic/pdftexcmds/pdftexcmds.sty
Package: pdftexcmds 2020-06-27 v0.33 Utility functions of pdfTeX for LuaTeX (HO
)

(/usr/share/texlive/texmf-dist/tex/generic/infwarerr/infwarerr.sty
Package: infwarerr 2019/12/03 v1.5 Providing info/warning/error messages (HO)
)
Package pdftexcmds Info: \pdf@primitive is available.
Package pdftexcmds Info: \pdf@ifprimitive is available.
Package pdftexcmds Info: \pdfdraftmode found.
)
(/usr/share/texlive/texmf-dist/tex/generic/kvsetkeys/kvsetkeys.sty
Package: kvsetkeys 2019/12/15 v1.18 Key value parser (HO)
)
(/usr/share/texlive/texmf-dist/tex/generic/kvdefinekeys/kvdefinekeys.sty
Package: kvdefinekeys 2019-12-19 v1.6 Define keys (HO)
)
(/usr/share/texlive/texmf-dist/tex/generic/pdfescape/pdfescape.sty
Package: pdfescape 2019/12/09 v1.15 Implements pdfTeX's escape features (HO)
)
(/usr/share/texlive/texmf-dist/tex/latex/hycolor/hycolor.sty
Package: hycolor 2020-01-27 v1.10 Color options for hyperref/bookmark (HO)
)
(/usr/share/texlive/texmf-dist/tex/latex/letltxmacro/letltxmacro.sty
Package: letltxmacro 2019/12/03 v1.6 Let assignment for LaTeX macros (HO)
)
(/usr/share/texlive/texmf-dist/tex/latex/auxhook/auxhook.sty
Package: auxhook 2019-12-17 v1.6 Hooks for auxiliary files (HO)
)
(/usr/share/texlive/texmf-dist/tex/latex/kvoptions/kvoptions.sty
Package: kvoptions 2020-10-07 v3.14 Key value format for package options (HO)
)
\@linkdim=\dimen169
\Hy@linkcounter=\count275
\Hy@pagecounter=\count276

(/usr/share/texlive/texmf-dist/tex/latex/hyperref/pd1enc.def
File: pd1enc.def 2021-06-07 v7.00m Hyperref: PDFDocEncoding definition (HO)
Now handling font encoding PD1 ...
... no UTF-8 mapping file for font encoding PD1
)
(/usr/share/texlive/texmf-dist/tex/latex/hyperref/hyperref-langpatches.def
File: hyperref-langpatches.def 2021-06-07 v7.00m Hyperref: patches for babel la
nguages
)
(/usr/share/texlive/texmf-dist/tex/generic/intcalc/intcalc.sty
Package: intcalc 2019/12/15 v1.3 Expandable calculations with integers (HO)
)
(/usr/share/texlive/texmf-dist/tex/generic/etexcmds/etexcmds.sty
Package: etexcmds 2019/12/15 v1.7 Avoid name clashes with e-TeX commands (HO)
)
\Hy@SavedSpaceFactor=\count277

(/usr/share/texlive/texmf-dist/tex/latex/hyperref/puenc.def
File: puenc.def 2021-06-07 v7.00m Hyperref: PDF Unicode definition (HO)
Now handling font encoding PU ...
... no UTF-8 mapping file for font encoding PU
)
Package hyperref Info: Hyper figures OFF on input line 4192.
Package hyperref Info: Link nesting OFF on input line 4197.
Package hyperref Info: Hyper index ON on input line 4200.
Package hyperref Info: Plain pages OFF on input line 4207.
Package hyperref Info: Backreferencing OFF on input line 4212.
Package hyperref Info: Implicit mode ON; LaTeX internals redefined.
Package hyperref Info: Bookmarks ON on input line 4445.
\c@Hy@tempcnt=\count278

(/usr/share/texlive/texmf-dist/tex/latex/url/url.sty
\Urlmuskip=\muskip16
Package: url 2013/09/16  ver 3.4  Verb mode for urls, etc.
)
LaTeX Info: Redefining \url on input line 4804.
\XeTeXLinkMargin=\dimen170

(/usr/share/texlive/texmf-dist/tex/generic/bitset/bitset.sty
Package: bitset 2019/12/09 v1.3 Handle bit-vector datatype (HO)

(/usr/share/texlive/texmf-dist/tex/generic/bigintcalc/bigintcalc.sty
Package: bigintcalc 2019/12/15 v1.5 Expandable calculations on big integers (HO
)
))
\Fld@menulength=\count279
\Field@Width=\dimen171
\Fld@charsize=\dimen172
Package hyperref Info: Hyper figures OFF on input line 6076.
Package hyperref Info: Link nesting OFF on input line 6081.
Package hyperref Info: Hyper index ON on input line 6084.
Package hyperref Info: backreferencing OFF on input line 6091.
Package hyperref Info: Link coloring OFF on input line 6096.
Package hyperref Info: Link coloring with OCG OFF on input line 6101.
Package hyperref Info: PDF/A mode OFF on input line 6106.
LaTeX Info: Redefining \ref on input line 6146.
LaTeX Info: Redefining \pageref on input line 6150.

(/usr/share/texlive/texmf-dist/tex/latex/base/atbegshi-ltx.sty
Package: atbegshi-ltx 2021/01/10 v1.0c Emulation of the original atbegshi
package with kernel methods
)
\Hy@abspage=\count280
\c@Item=\count281
\c@Hfootnote=\count282
)
Package hyperref Info: Driver (autodetected): hpdftex.

(/usr/share/texlive/texmf-dist/tex/latex/hyperref/hpdftex.def
File: hpdftex.def 2021-06-07 v7.00m Hyperref driver for pdfTeX

(/usr/share/texlive/texmf-dist/tex/latex/base/atveryend-ltx.sty
Package: atveryend-ltx 2020/08/19 v1.0a Emulation of the original atveryend pac
kage
with kernel methods
)
\Fld@listcount=\count283
\c@bookmark@seq@number=\count284

(/usr/share/texlive/texmf-dist/tex/latex/rerunfilecheck/rerunfilecheck.sty
Package: rerunfilecheck 2019/12/05 v1.9 Rerun checks for auxiliary files (HO)

(/usr/share/texlive/texmf-dist/tex/generic/uniquecounter/uniquecounter.sty
Package: uniquecounter 2019/12/15 v1.4 Provide unlimited unique counter (HO)
)
Package uniquecounter Info: New unique counter `rerunfilecheck' on input line 2
86.
)
\Hy@SectionHShift=\skip55
)
Package hyperref Info: Option `colorlinks' set `true' on input line 1471.
Package hyperref Info: Option `breaklinks' set `true' on input line 1471.
Package hyperref Info: Option `plainpages' set `false' on input line 1471.
Package hyperref Info: Option `bookmarksopen' set `true' on input line 1471.
Package hyperref Info: Option `bookmarksnumbered' set `false' on input line 147
1.

(/usr/share/texlive/texmf-dist/tex/latex/wrapfig/wrapfig.sty
\wrapoverhang=\dimen173
\WF@size=\dimen174
\c@WF@wrappedlines=\count285
\WF@box=\box67
\WF@everypar=\toks22
Package: wrapfig 2003/01/31  v 3.6
)
\wraplines=\count286
\@authorfigbox=\box68
\@authorfigboxdim=\skip56
\biofigadjskip=\skip57

(/usr/share/texlive/texmf-dist/tex/latex/amscls/amsthm.sty
Package: amsthm 2020/05/29 v2.20.6
\thm@style=\toks23
\thm@bodyfont=\toks24
\thm@headfont=\toks25
\thm@notefont=\toks26
\thm@headpunct=\toks27
\thm@preskip=\skip58
\thm@postskip=\skip59
\thm@headsep=\skip60
\dth@everypar=\toks28
)
(/usr/share/texlive/texmf-dist/tex/latex/base/fix-cm.sty
Package: fix-cm 2020/11/24 v1.1t fixes to LaTeX

(/usr/share/texlive/texmf-dist/tex/latex/base/ts1enc.def
File: ts1enc.def 2001/06/05 v3.0e (jk/car/fm) Standard LaTeX file
LaTeX Font Info:    Redeclaring font encoding TS1 on input line 47.
)))
(/usr/share/texlive/texmf-dist/tex/generic/ulem/ulem.sty
\UL@box=\box69
\UL@hyphenbox=\box70
\UL@skip=\skip61
\UL@hook=\toks29
\UL@height=\dimen175
\UL@pe=\count287
\UL@pixel=\dimen176
\ULC@box=\box71
Package: ulem 2019/11/18
\ULdepth=\dimen177
)
(/usr/share/texlive/texmf-dist/tex/latex/amsmath/amsmath.sty
Package: amsmath 2021/10/15 v2.17l AMS math features
\@mathmargin=\skip62

For additional information on amsmath, use the `?' option.
(/usr/share/texlive/texmf-dist/tex/latex/amsmath/amstext.sty
Package: amstext 2021/08/26 v2.01 AMS text

(/usr/share/texlive/texmf-dist/tex/latex/amsmath/amsgen.sty
File: amsgen.sty 1999/11/30 v2.0 generic functions
\@emptytoks=\toks30
\ex@=\dimen178
))
(/usr/share/texlive/texmf-dist/tex/latex/amsmath/amsbsy.sty
Package: amsbsy 1999/11/29 v1.2d Bold Symbols
\pmbraise@=\dimen179
)
(/usr/share/texlive/texmf-dist/tex/latex/amsmath/amsopn.sty
Package: amsopn 2021/08/26 v2.02 operator names
)
\inf@bad=\count288
LaTeX Info: Redefining \frac on input line 234.
\uproot@=\count289
\leftroot@=\count290
LaTeX Info: Redefining \overline on input line 399.
\classnum@=\count291
\DOTSCASE@=\count292
LaTeX Info: Redefining \ldots on input line 496.
LaTeX Info: Redefining \dots on input line 499.
LaTeX Info: Redefining \cdots on input line 620.
\Mathstrutbox@=\box72
\strutbox@=\box73
\big@size=\dimen180
LaTeX Font Info:    Redeclaring font encoding OML on input line 743.
LaTeX Font Info:    Redeclaring font encoding OMS on input line 744.
\macc@depth=\count293
\c@MaxMatrixCols=\count294
\dotsspace@=\muskip17
\c@parentequation=\count295
\dspbrk@lvl=\count296
\tag@help=\toks31
\row@=\count297
\column@=\count298
\maxfields@=\count299
\andhelp@=\toks32
\eqnshift@=\dimen181
\alignsep@=\dimen182
\tagshift@=\dimen183
\tagwidth@=\dimen184
\totwidth@=\dimen185
\lineht@=\dimen186
\@envbody=\toks33
\multlinegap=\skip63
\multlinetaggap=\skip64
\mathdisplay@stack=\toks34
LaTeX Info: Redefining \[ on input line 2938.
LaTeX Info: Redefining \] on input line 2939.
)
(/usr/share/texlive/texmf-dist/tex/latex/amsfonts/amssymb.sty
Package: amssymb 2013/01/14 v3.01 AMS font symbols

(/usr/share/texlive/texmf-dist/tex/latex/amsfonts/amsfonts.sty
Package: amsfonts 2013/01/14 v3.01 Basic AMSFonts support
\symAMSa=\mathgroup4
\symAMSb=\mathgroup5
LaTeX Font Info:    Redeclaring math symbol \hbar on input line 98.
LaTeX Font Info:    Overwriting math alphabet `\mathfrak' in version `bold'
(Font)                  U/euf/m/n --> U/euf/b/n on input line 106.
))
(/usr/share/texlive/texmf-dist/tex/latex/booktabs/booktabs.sty
Package: booktabs 2020/01/12 v1.61803398 Publication quality tables
\heavyrulewidth=\dimen187
\lightrulewidth=\dimen188
\cmidrulewidth=\dimen189
\belowrulesep=\dimen190
\belowbottomsep=\dimen191
\aboverulesep=\dimen192
\abovetopsep=\dimen193
\cmidrulesep=\dimen194
\cmidrulekern=\dimen195
\defaultaddspace=\dimen196
\@cmidla=\count300
\@cmidlb=\count301
\@aboverulesep=\dimen197
\@belowrulesep=\dimen198
\@thisruleclass=\count302
\@lastruleclass=\count303
\@thisrulewidth=\dimen199
)
(/usr/share/texlive/texmf-dist/tex/latex/tools/array.sty
Package: array 2021/10/04 v2.5f Tabular extension package (FMi)
\col@sep=\dimen256
\ar@mcellbox=\box74
\extrarowheight=\dimen257
\NC@list=\toks35
\extratabsurround=\skip65
\backup@length=\skip66
\ar@cellbox=\box75
)
(/usr/share/texlive/texmf-dist/tex/latex/float/float.sty
Package: float 2001/11/08 v1.3d Float enhancements (AL)
\c@float@type=\count304
\float@exts=\toks36
\float@box=\box76
\@float@everytoks=\toks37
\@floatcapt=\box77
)
(/usr/share/texlive/texmf-dist/tex/latex/base/flafter.sty
Package: flafter 2021/07/31 v1.4e Standard LaTeX floats after reference (FMi)
Applying: [2015/01/01] float order in 2-column on input line 49.
Already applied: [0000/00/00] float order in 2-column on input line 151.
)
(/usr/share/texlive/texmf-dist/tex/latex/caption/subcaption.sty
Package: subcaption 2020/10/07 v1.3j Sub-captions (AR)

(/usr/share/texlive/texmf-dist/tex/latex/caption/caption.sty
Package: caption 2020/10/26 v3.5g Customizing captions (AR)

(/usr/share/texlive/texmf-dist/tex/latex/caption/caption3.sty
Package: caption3 2020/10/21 v2.2e caption3 kernel (AR)
\captionmargin=\dimen258
\captionmargin@=\dimen259
\captionwidth=\dimen260
\caption@tempdima=\dimen261
\caption@indent=\dimen262
\caption@parindent=\dimen263
\caption@hangindent=\dimen264
Package caption Info: Unknown document class (or package),
(caption)             standard defaults will be used.
Package caption Info: \@makecaption = \long macro:#1#2->\ifx \FigName \@captype
 \vskip \abovecaptionskip \@figurecaption {#1}{#2} \else \@tablecaption {#1}{#2
} \vskip \belowcaptionskip \fi  on input line 1139.
)

Package caption Warning: Unknown document class (or package),
(caption)                standard defaults will be used.
See the caption package documentation for explanation.

\c@caption@flags=\count305
\c@continuedfloat=\count306
Package caption Info: float package is loaded.
Package caption Info: hyperref package is loaded.
Package caption Info: rotating package is loaded.
Package caption Info: threeparttable package is loaded.
Package caption Info: wrapfig package is loaded.
)
\c@subfigure=\count307
\c@subtable=\count308
) (/usr/share/texlive/texmf-dist/tex/latex/xcolor/xcolor.sty
Package: xcolor 2021/10/31 v2.13 LaTeX color extensions (UK)

(/usr/share/texlive/texmf-dist/tex/latex/graphics-cfg/color.cfg
File: color.cfg 2016/01/02 v1.6 sample color configuration
)
Package xcolor Info: Driver file: pdftex.def on input line 227.

(/usr/share/texlive/texmf-dist/tex/latex/colortbl/colortbl.sty
Package: colortbl 2020/01/04 v1.0e Color table columns (DPC)
\everycr=\toks38
\minrowclearance=\skip67
)
\rownum=\count309
Package xcolor Info: Model `cmy' substituted by `cmy0' on input line 1352.
Package xcolor Info: Model `hsb' substituted by `rgb' on input line 1356.
Package xcolor Info: Model `RGB' extended on input line 1368.
Package xcolor Info: Model `HTML' substituted by `rgb' on input line 1370.
Package xcolor Info: Model `Hsb' substituted by `hsb' on input line 1371.
Package xcolor Info: Model `tHsb' substituted by `hsb' on input line 1372.
Package xcolor Info: Model `HSB' substituted by `hsb' on input line 1373.
Package xcolor Info: Model `Gray' substituted by `gray' on input line 1374.
Package xcolor Info: Model `wave' substituted by `hsb' on input line 1375.
)
Package hyperref Info: Option `colorlinks' set `true' on input line 27.

(/usr/share/texlive/texmf-dist/tex/latex/base/textcomp.sty
Package: textcomp 2020/02/02 v2.0n Standard LaTeX package
)
(/usr/share/texlive/texmf-dist/tex/latex/natbib/natbib.sty
Package: natbib 2010/09/13 8.31b (PWD, AO)
\bibhang=\skip68
\bibsep=\skip69
LaTeX Info: Redefining \cite on input line 694.
\c@NAT@ctr=\count310
)
(/usr/share/texlive/texmf-dist/tex/latex/l3backend/l3backend-pdftex.def
File: l3backend-pdftex.def 2022-01-12 L3 backend support: PDF output (pdfTeX)
\l__color_backend_stack_int=\count311
\l__pdf_internal_box=\box78
)

LaTeX Warning: Unused global option(s):
    [sn-mathphys].

(./sn-article.aux)
\openout1 = `sn-article.aux'.

LaTeX Font Info:    Checking defaults for OML/cmm/m/it on input line 36.
LaTeX Font Info:    ... okay on input line 36.
LaTeX Font Info:    Checking defaults for OMS/cmsy/m/n on input line 36.
LaTeX Font Info:    ... okay on input line 36.
LaTeX Font Info:    Checking defaults for OT1/cmr/m/n on input line 36.
LaTeX Font Info:    ... okay on input line 36.
LaTeX Font Info:    Checking defaults for T1/cmr/m/n on input line 36.
LaTeX Font Info:    ... okay on input line 36.
LaTeX Font Info:    Checking defaults for TS1/cmr/m/n on input line 36.
LaTeX Font Info:    ... okay on input line 36.
LaTeX Font Info:    Checking defaults for OMX/cmex/m/n on input line 36.
LaTeX Font Info:    ... okay on input line 36.
LaTeX Font Info:    Checking defaults for U/cmr/m/n on input line 36.
LaTeX Font Info:    ... okay on input line 36.
LaTeX Font Info:    Checking defaults for PD1/pdf/m/n on input line 36.
LaTeX Font Info:    ... okay on input line 36.
LaTeX Font Info:    Checking defaults for PU/pdf/m/n on input line 36.
LaTeX Font Info:    ... okay on input line 36.

*geometry* driver: auto-detecting
*geometry* detected driver: pdftex
*geometry* verbose mode - [ preamble ] result:
* driver: pdftex
* paper: custom
* layout: <same size as paper>
* layoutoffset:(h,v)=(0.0pt,0.0pt)
* bindingoffset: 17.07164pt
* modes: twoside 
* h-part:(L,W,R)=(83.37448pt, 372.0pt, 125.06175pt)
* v-part:(T,H,B)=(73.97716pt, 552.69478pt, 218.37491pt)
* \paperwidth=597.50787pt
* \paperheight=845.04684pt
* \textwidth=372.0pt
* \textheight=552.69478pt
* \oddsidemargin=28.17613pt
* \evensidemargin=52.79176pt
* \topmargin=-19.72638pt
* \headheight=5.5pt
* \headsep=15.93355pt
* \topskip=10.0pt
* \footskip=28.45274pt
* \marginparwidth=34.1433pt
* \marginparsep=14.22636pt
* \columnsep=14.22636pt
* \skip\footins=8.0pt plus 4.0pt
* \hoffset=0.0pt
* \voffset=0.0pt
* \mag=1000
* \@twocolumnfalse
* \@twosidetrue
* \@mparswitchtrue
* \@reversemargintrue
* (1in=72.27pt=25.4mm, 1cm=28.453pt)

(/usr/share/texlive/texmf-dist/tex/context/base/mkii/supp-pdf.mkii
[Loading MPS to PDF converter (version 2006.09.02).]
\scratchcounter=\count312
\scratchdimen=\dimen265
\scratchbox=\box79
\nofMPsegments=\count313
\nofMParguments=\count314
\everyMPshowfont=\toks39
\MPscratchCnt=\count315
\MPscratchDim=\dimen266
\MPnumerator=\count316
\makeMPintoPDFobject=\count317
\everyMPtoPDFconversion=\toks40
) (/usr/share/texlive/texmf-dist/tex/latex/epstopdf-pkg/epstopdf-base.sty
Package: epstopdf-base 2020-01-24 v2.11 Base part for package epstopdf

(/usr/share/texlive/texmf-dist/tex/latex/grfext/grfext.sty
Package: grfext 2019/12/03 v1.3 Manage graphics extensions (HO)
)
Package epstopdf-base Info: Redefining graphics rule for `.eps' on input line 4
85.
Package grfext Info: Graphics extension search list:
(grfext)             [.pdf,.png,.jpg,.mps,.jpeg,.jbig2,.jb2,.PDF,.PNG,.JPG,.JPE
G,.JBIG2,.JB2,.eps]
(grfext)             \AppendGraphicsExtensions on input line 504.

(/usr/share/texlive/texmf-dist/tex/latex/latexconfig/epstopdf-sys.cfg
File: epstopdf-sys.cfg 2010/07/13 v1.3 Configuration of (r)epstopdf for TeX Liv
e
))
LaTeX Info: Redefining \S on input line 36.
LaTeX Font Info:    Redeclaring symbol font `AMSa' on input line 36.
LaTeX Font Info:    Overwriting symbol font `AMSa' in version `normal'
(Font)                  U/msa/m/n --> U/msa/m/n on input line 36.
LaTeX Font Info:    Overwriting symbol font `AMSa' in version `bold'
(Font)                  U/msa/m/n --> U/msa/m/n on input line 36.
Package hyperref Info: Link coloring ON on input line 36.

(/usr/share/texlive/texmf-dist/tex/latex/hyperref/nameref.sty
Package: nameref 2021-04-02 v2.47 Cross-referencing by name of section

(/usr/share/texlive/texmf-dist/tex/latex/refcount/refcount.sty
Package: refcount 2019/12/15 v3.6 Data extraction from label references (HO)
)
(/usr/share/texlive/texmf-dist/tex/generic/gettitlestring/gettitlestring.sty
Package: gettitlestring 2019/12/15 v1.6 Cleanup title references (HO)
)
\c@section@level=\count318
)
LaTeX Info: Redefining \ref on input line 36.
LaTeX Info: Redefining \pageref on input line 36.
LaTeX Info: Redefining \nameref on input line 36.

(./sn-article.out) (./sn-article.out)
\@outlinefile=\write3
\openout3 = `sn-article.out'.

Package caption Info: Begin \AtBeginDocument code.
Package caption Info: End \AtBeginDocument code.
LaTeX Font Info:    Trying to load font information for U+msa on input line 50.


(/usr/share/texlive/texmf-dist/tex/latex/amsfonts/umsa.fd
File: umsa.fd 2013/01/14 v3.01 AMS symbols A
)
LaTeX Font Info:    Trying to load font information for U+msb on input line 50.


(/usr/share/texlive/texmf-dist/tex/latex/amsfonts/umsb.fd
File: umsb.fd 2013/01/14 v3.01 AMS symbols B
)

Package hyperref Warning: Ignoring empty anchor on input line 50.

LaTeX Font Info:    Calculating math sizes for size <12.045> on input line 63.
LaTeX Font Info:    Calculating math sizes for size <11.04124> on input line 63
.
LaTeX Font Info:    Calculating math sizes for size <10.03749> on input line 63
.

Underfull \hbox (badness 10000) in paragraph at lines 73--74

 []


Underfull \vbox (badness 10000) has occurred while \output is active []

 [1

{/var/lib/texmf/fonts/map/pdftex/updmap/pdftex.map}]
Underfull \vbox (badness 10000) has occurred while \output is active []

 [2]
Underfull \vbox (badness 10000) has occurred while \output is active []

 [3]
Underfull \vbox (badness 10000) has occurred while \output is active []

 [4]
Underfull \hbox (badness 1048) in paragraph at lines 101--102
[]\OT1/cmr/m/n/10 This study makes five con-tri-bu-tions. First, a multi-archit
ecture bench-mark
 []


Underfull \vbox (badness 10000) has occurred while \output is active []

 [5]
Underfull \vbox (badness 10000) has occurred while \output is active []

 [6]
Underfull \vbox (badness 10000) has occurred while \output is active []

 [7]
Underfull \vbox (badness 10000) has occurred while \output is active []

 [8]
Underfull \vbox (badness 10000) has occurred while \output is active []

 [9]
<figures//fields_count.pdf, id=353, 553.8473pt x 385.71103pt>
File: figures//fields_count.pdf Graphic file (type pdf)
<use figures//fields_count.pdf>
Package pdftex.def Info: figures//fields_count.pdf  used on input line 159.
(pdftex.def)             Requested size: 334.79773pt x 233.15872pt.
<figures//avg_field_area.pdf, id=355, 549.37749pt x 385.71103pt>
File: figures//avg_field_area.pdf Graphic file (type pdf)
<use figures//avg_field_area.pdf>
Package pdftex.def Info: figures//avg_field_area.pdf  used on input line 169.
(pdftex.def)             Requested size: 334.79773pt x 235.05383pt.
<figures//all_crops_boxplot.pdf, id=357, 622.82063pt x 448.17827pt>
File: figures//all_crops_boxplot.pdf Graphic file (type pdf)
<use figures//all_crops_boxplot.pdf>
Package pdftex.def Info: figures//all_crops_boxplot.pdf  used on input line 178
.
(pdftex.def)             Requested size: 334.79773pt x 240.91847pt.
<figures//wheat_barley_boxplot.pdf, id=360, 622.82063pt x 427.55434pt>
File: figures//wheat_barley_boxplot.pdf Graphic file (type pdf)
<use figures//wheat_barley_boxplot.pdf>
Package pdftex.def Info: figures//wheat_barley_boxplot.pdf  used on input line 
189.
(pdftex.def)             Requested size: 334.79773pt x 229.83206pt.

Underfull \vbox (badness 10000) has occurred while \output is active []

 [10]
Underfull \vbox (badness 10000) has occurred while \output is active []

 [11 <./figures//fields_count.pdf> <./figures//avg_field_area.pdf>]
Underfull \vbox (badness 10000) has occurred while \output is active []

 [12 <./figures//all_crops_boxplot.pdf> <./figures//wheat_barley_boxplot.pdf>]
Underfull \vbox (badness 10000) has occurred while \output is active []

 [13]

pdfTeX warning: pdflatex (file ./figures//Time_Series_Feature_Generation.pdf): 
PDF inclusion: found PDF version <1.7>, but at most version <1.5> allowed
<figures//Time_Series_Feature_Generation.pdf, id=564, 885.43108pt x 547.37108pt
>
File: figures//Time_Series_Feature_Generation.pdf Graphic file (type pdf)
<use figures//Time_Series_Feature_Generation.pdf>
Package pdftex.def Info: figures//Time_Series_Feature_Generation.pdf  used on i
nput line 219.
(pdftex.def)             Requested size: 334.79773pt x 206.97585pt.

Underfull \vbox (badness 10000) has occurred while \output is active []

 [14 <./figures//Time_Series_Feature_Generation.pdf>]
Underfull \vbox (badness 10000) has occurred while \output is active []

 [15]
Underfull \hbox (badness 10000) in paragraph at lines 306--307

 []


Underfull \vbox (badness 10000) has occurred while \output is active []

 [16]
<figures//field_boundaries_by_crop.pdf, id=607, 512.44675pt x 482.96059pt>
File: figures//field_boundaries_by_crop.pdf Graphic file (type pdf)
<use figures//field_boundaries_by_crop.pdf>
Package pdftex.def Info: figures//field_boundaries_by_crop.pdf  used on input l
ine 330.
(pdftex.def)             Requested size: 334.79773pt x 315.53455pt.

Underfull \hbox (badness 1418) in paragraph at lines 341--342
\OT1/cmr/m/n/10 SMOTETomek com-bines over-sam-pling and under-sam-pling tech-ni
ques. SMOTE
 []


Underfull \hbox (badness 10000) in paragraph at lines 341--342

 []


Underfull \vbox (badness 10000) has occurred while \output is active []

 [17 <./figures//field_boundaries_by_crop.pdf>]
Underfull \hbox (badness 10000) in paragraph at lines 348--351

 []


Overfull \hbox (16.84048pt too wide) in paragraph at lines 357--379
 [] 
 []


Underfull \vbox (badness 10000) has occurred while \output is active []

 [18]
<figures//cnn_bilstm.pdf, id=673, 3898.1315pt x 3089.8819pt>
File: figures//cnn_bilstm.pdf Graphic file (type pdf)
<use figures//cnn_bilstm.pdf>
Package pdftex.def Info: figures//cnn_bilstm.pdf  used on input line 428.
(pdftex.def)             Requested size: 334.79773pt x 265.34749pt.

Underfull \vbox (badness 10000) has occurred while \output is active []

 [19]
Underfull \hbox (badness 1043) in paragraph at lines 464--469
\OT1/cmr/m/n/10 TabNet treats satel-lite obser-va-tions as struc-tured tab-u-la
r inputs (each pixel's
 []


Underfull \vbox (badness 10000) has occurred while \output is active []

 [20 <./figures//cnn_bilstm.pdf>]
Underfull \vbox (badness 10000) has occurred while \output is active []

 [21]
Overfull \hbox (45.39043pt too wide) detected at line 567
\OT1/cmr/bx/n/10.03749 m[] \OT1/cmr/m/n/10 = []  []\OT1/cmr/bx/n/10.03749 P[] \
OMS/cmsy/m/n/10.03749 ^^L []\OT1/cmr/m/n/10 (\OML/cmm/m/it/10.03749 W[]\OT1/cmr
/bx/n/10.03749 z[]\OT1/cmr/m/n/10 )[]\OML/cmm/m/it/10.03749 ;  [] \OT1/cmr/m/n/
10 = \OT1/cmr/bx/n/10.03749 m[] \OMS/cmsy/m/n/10.03749 ^^L \OT1/cmr/bx/n/10.037
49 z[]\OML/cmm/m/it/10.03749 ;  \OT1/cmr/bx/n/10.03749 P[] \OT1/cmr/m/n/10 = \O
T1/cmr/bx/n/10.03749 P[] \OMS/cmsy/m/n/10.03749 ^^L []\OT1/cmr/m/n/10 (\OML/cmm
/m/it/10.03749 ^^M \OMS/cmsy/m/n/10.03749 ^^@ \OT1/cmr/bx/n/10.03749 m[]\OML/cm
m/m/it/10.03749 ;  \OT1/cmr/m/n/10 0)\OML/cmm/m/it/10.03749 ;
 []


Underfull \vbox (badness 10000) has occurred while \output is active []

 [22]
<figures//ltae_s.pdf, id=745, 1340.00626pt x 920.43875pt>
File: figures//ltae_s.pdf Graphic file (type pdf)
<use figures//ltae_s.pdf>
Package pdftex.def Info: figures//ltae_s.pdf  used on input line 585.
(pdftex.def)             Requested size: 372.0pt x 255.51607pt.

Underfull \vbox (badness 10000) has occurred while \output is active []

 [23 <./figures//ltae_s.pdf>]
<figures//Example_patches.pdf, id=769, 614.13142pt x 636.80286pt>
File: figures//Example_patches.pdf Graphic file (type pdf)
<use figures//Example_patches.pdf>
Package pdftex.def Info: figures//Example_patches.pdf  used on input line 631.
(pdftex.def)             Requested size: 334.79773pt x 347.15271pt.

Underfull \vbox (badness 10000) has occurred while \output is active []

 [24]
Underfull \vbox (badness 10000) has occurred while \output is active []

 [25 <./figures//Example_patches.pdf>]
<figures//patch_model.pdf, id=824, 1320.935pt x 931.48pt>
File: figures//patch_model.pdf Graphic file (type pdf)
<use figures//patch_model.pdf>
Package pdftex.def Info: figures//patch_model.pdf  used on input line 686.
(pdftex.def)             Requested size: 334.79773pt x 236.0816pt.

Underfull \vbox (badness 10000) has occurred while \output is active []

 [26]
Underfull \vbox (badness 10000) has occurred while \output is active []

 [27 <./figures//patch_model.pdf>]
<figures//train_vs_oos_gap.pdf, id=861, 762.79541pt x 576.91328pt>
File: figures//train_vs_oos_gap.pdf Graphic file (type pdf)
<use figures//train_vs_oos_gap.pdf>
Package pdftex.def Info: figures//train_vs_oos_gap.pdf  used on input line 801.

(pdftex.def)             Requested size: 372.0pt x 281.35193pt.

Underfull \vbox (badness 10000) has occurred while \output is active []

 [28]
Underfull \vbox (badness 10000) has occurred while \output is active []

 [29 <./figures//train_vs_oos_gap.pdf>]
LaTeX Font Info:    Calculating math sizes for size <8.03> on input line 884.
<figures//pixel_vs_field.pdf, id=937, 568.44241pt x 418.9601pt>
File: figures//pixel_vs_field.pdf Graphic file (type pdf)
<use figures//pixel_vs_field.pdf>
Package pdftex.def Info: figures//pixel_vs_field.pdf  used on input line 915.
(pdftex.def)             Requested size: 372.0pt x 274.17474pt.

Underfull \vbox (badness 10000) has occurred while \output is active []

 [30]
Underfull \vbox (badness 10000) has occurred while \output is active []

 [31 <./figures//pixel_vs_field.pdf>]
<figures//field_reduction.pdf, id=1003, 577.38206pt x 409.2408pt>
File: figures//field_reduction.pdf Graphic file (type pdf)
<use figures//field_reduction.pdf>
Package pdftex.def Info: figures//field_reduction.pdf  used on input line 939.
(pdftex.def)             Requested size: 372.0pt x 263.66792pt.

Underfull \vbox (badness 10000) has occurred while \output is active []

 [32 <./figures//field_reduction.pdf>]
<figures//per_class_f1.pdf, id=1066, 624.45172pt x 412.44945pt>
File: figures//per_class_f1.pdf Graphic file (type pdf)
<use figures//per_class_f1.pdf>
Package pdftex.def Info: figures//per_class_f1.pdf  used on input line 991.
(pdftex.def)             Requested size: 372.0pt x 245.7094pt.


Package hyperref Warning: Difference (3) between bookmark levels is greater 
(hyperref)                than one, level fixed on input line 1012.


Underfull \vbox (badness 10000) has occurred while \output is active []

 [33]
Underfull \vbox (badness 10000) has occurred while \output is active []

 [34 <./figures//per_class_f1.pdf>]
<figures//inductive_bias_gap.pdf, id=1133, 659.82417pt x 492.48108pt>
File: figures//inductive_bias_gap.pdf Graphic file (type pdf)
<use figures//inductive_bias_gap.pdf>
Package pdftex.def Info: figures//inductive_bias_gap.pdf  used on input line 10
80.
(pdftex.def)             Requested size: 372.0pt x 277.65115pt.


Package hyperref Warning: Difference (2) between bookmark levels is greater 
(hyperref)                than one, level fixed on input line 1094.


Underfull \vbox (badness 10000) has occurred while \output is active []

 [35]
Underfull \vbox (badness 10000) has occurred while \output is active []

 [36 <./figures//inductive_bias_gap.pdf>]
Underfull \vbox (badness 10000) has occurred while \output is active []

 [37]
Underfull \vbox (badness 10000) has occurred while \output is active []

 [38]
Underfull \vbox (badness 10000) has occurred while \output is active []

 [39]
Underfull \hbox (badness 3907) in paragraph at lines 1312--1320
\OT1/cmr/m/n/10 Cross-entropy (Xent). This is the offi-cial field-level scor-in
g met-ric of the
 []


Underfull \vbox (badness 10000) has occurred while \output is active []

 [40]
Underfull \hbox (badness 2096) in paragraph at lines 1374--1375
[]\OT1/cmr/m/n/10 Jin Z, Azzari G, You C, Di Tom-maso S, Aston S, Burke M, Lobe
ll
 []


Underfull \hbox (badness 8019) in paragraph at lines 1374--1375
\OT1/cmr/m/n/10 DB (2019) Small-holder maize area and yield map-ping at nationa
l
 []


Underfull \hbox (badness 4981) in paragraph at lines 1374--1375
\OT1/cmr/m/n/10 scales with Google Earth Engine. \OT1/cmr/m/it/10.03749 Remote 
Sens Env-i-ron \OT1/cmr/m/n/10 228:115--128.
 []


Underfull \hbox (badness 10000) in paragraph at lines 1377--1378
[]\OT1/cmr/m/n/10 Pe~na-Barrag^^San JM, Ngugi MK, Plant RE, Six J (2011) Object
-
 []


Underfull \hbox (badness 10000) in paragraph at lines 1377--1378
\OT1/cmr/m/n/10 based crop iden-ti-fi-ca-tion using mul-ti-ple veg-e-ta-tion in
dices, tex-tu-ral
 []


Underfull \hbox (badness 10000) in paragraph at lines 1377--1378
\OT1/cmr/m/n/10 fea-tures and crop phe-nol-ogy. \OT1/cmr/m/it/10.03749 Remote S
ens Env-i-ron \OT1/cmr/m/n/10 115:1301--1316.
 []


Underfull \hbox (badness 1389) in paragraph at lines 1383--1384
[]\OT1/cmr/m/n/10 Rangarajan AK, Purushothaman R, Prab-hakar M, Szczepa^^Snski 
C (2023)
 []


Underfull \hbox (badness 5119) in paragraph at lines 1383--1384
\OT1/cmr/m/n/10 Crop iden-ti-fi-ca-tion and dis-ease clas-si-fi-ca-tion using t
ra-di-tional machine
 []


Underfull \hbox (badness 10000) in paragraph at lines 1383--1384
\OT1/cmr/m/n/10 learn-ing and deep learn-ing approaches. \OT1/cmr/m/it/10.03749
 J Eng Res \OT1/cmr/m/n/10 11(1):228--252.
 []


Underfull \vbox (badness 10000) has occurred while \output is active []

 [41]
Underfull \hbox (badness 3000) in paragraph at lines 1389--1390
[]\OT1/cmr/m/n/10 Ru^^Ywurm M, K^^?orner M (2018) Multi-Temporal Land Cover Cla
s-si-fi-ca-
 []


Underfull \hbox (badness 1048) in paragraph at lines 1389--1390
\OT1/cmr/m/n/10 tion with Sequen-tial Recur-rent Encoders. \OT1/cmr/m/it/10.037
49 ISPRS Int J Geo-Inf \OT1/cmr/m/n/10 7(4):129.
 []


Underfull \hbox (badness 3128) in paragraph at lines 1392--1393
[]\OT1/cmr/m/n/10 Ru^^Ywurm M, K^^?orner M (2020) Self-attention for raw opti-c
al Satel-lite
 []


Underfull \hbox (badness 10000) in paragraph at lines 1416--1417
[]\OT1/cmr/m/n/10 Breiman L (2001) Ran-dom forests. \OT1/cmr/m/it/10.03749 Mach
ine Learn-ing \OT1/cmr/m/n/10 45(1):5--32.
 []


Underfull \hbox (badness 1024) in paragraph at lines 1426--1427
[]\OT1/cmr/m/n/10 Friedman JH (2001) Greedy func-tion approx-i-ma-tion: A gra-d
i-ent boost-ing
 []


Underfull \hbox (badness 4569) in paragraph at lines 1439--1440
[]\OT1/cmr/m/n/10 Muruganantham P, Wibowo S, Grandhi S, Islam N (2024) A Deep
 []


Underfull \hbox (badness 6825) in paragraph at lines 1439--1440
\OT1/cmr/m/n/10 Learn-ing Approach for Deal-ing with Tab-u-lar Data in Crop Cla
s-si-
 []


Underfull \hbox (badness 10000) in paragraph at lines 1439--1440
\OT1/cmr/m/n/10 fi-ca-tion. \OT1/cmr/m/it/10.03749 Proc IEEE Int Conf ICT Con-v
er-gence (ICTC)\OT1/cmr/m/n/10 :2054--2059.
 []


Underfull \vbox (badness 10000) has occurred while \output is active []

 [42]
Underfull \hbox (badness 10000) in paragraph at lines 1442--1443
[]\OT1/cmr/m/n/10 Arik S[]O, Pfis-ter T (2021) Tab-Net: Atten-tive Inter-pretab
le Tab-
 []


Underfull \hbox (badness 10000) in paragraph at lines 1442--1443
\OT1/cmr/m/n/10 u-lar Learn-ing. \OT1/cmr/m/it/10.03749 Proc AAAI Conf Artif In
tell \OT1/cmr/m/n/10 35(8):6679--6687.
 []


Underfull \hbox (badness 3396) in paragraph at lines 1458--1459
[]\OT1/cmr/m/n/10 Wang H, Chang W, Yao Y, Yao Z, Zhao Y, Li S, Liu Z, Zhang
 []


Underfull \hbox (badness 6316) in paragraph at lines 1458--1459
\OT1/cmr/m/n/10 X (2023) Crop-former: A new gen-er-al-ized deep learn-ing clas-
si-fi-ca-tion
 []


Underfull \hbox (badness 1838) in paragraph at lines 1472--1473
\OT1/cmr/m/n/10 Remote Sens-ing and Grid-ded Data. \OT1/cmr/m/it/10.03749 J Ope
n Source Softw \OT1/cmr/m/n/10 10(115):9009.
 []


Underfull \hbox (badness 2384) in paragraph at lines 1481--1482
[]\OT1/cmr/m/n/10 Buttar PK et al. (2024) Satel-lite imagery anal-y-sis for cro
p type seg-
 []


Underfull \hbox (badness 1831) in paragraph at lines 1481--1482
\OT1/cmr/m/n/10 men-ta-tion using U-net archi-tec-ture. \OT1/cmr/m/it/10.03749 
Pro-ce-dia Com-put Sci \OT1/cmr/m/n/10 235:3418--3427.
 []


Underfull \vbox (badness 10000) has occurred while \output is active []

 [43]
Underfull \hbox (badness 2753) in paragraph at lines 1484--1485
\OT1/cmr/m/n/10 for multi-source image fusion. \OT1/cmr/m/it/10.03749 Int J Rem
ote Sens \OT1/cmr/m/n/10 45(19--20):7605--7633.
 []


Underfull \hbox (badness 4981) in paragraph at lines 1496--1497
[]\OT1/cmr/m/n/10 Yang S, Gu L, Li X, Jiang T, Ren R (2020) Crop Clas-si-fi-ca-
tion
 []


Underfull \hbox (badness 1584) in paragraph at lines 1496--1497
\OT1/cmr/m/n/10 Method Based on Opti-mal Fea-ture Selec-tion and Hybrid CNN-RF 
Net-
 []


Underfull \vbox (badness 10000) has occurred while \output is active []

 [44]
(./sn-article.aux)
Package rerunfilecheck Info: File `sn-article.out' has not changed.
(rerunfilecheck)             Checksum: D46410DB91F94F3DCEDD45571DC3033E;9474.
 ) 
Here is how much of TeX's memory you used:
 14084 strings out of 478287
 226722 string characters out of 5849290
 539583 words of memory out of 5000000
 31863 multiletter control sequences out of 15000+600000
 497150 words of font info for 135 fonts, out of 8000000 for 9000
 1151 hyphenation exceptions out of 8191
 85i,14n,90p,3813b,618s stack positions out of 5000i,500n,10000p,200000b,80000s
{/usr/share/texmf/fonts/enc/dvips/cm-super/cm-super-ts1.enc}</usr/share/texli
ve/texmf-dist/fonts/type1/public/amsfonts/cm/cmbx10.pfb></usr/share/texlive/tex
mf-dist/fonts/type1/public/amsfonts/cm/cmbx12.pfb></usr/share/texlive/texmf-dis
t/fonts/type1/public/amsfonts/cm/cmbx7.pfb></usr/share/texlive/texmf-dist/fonts
/type1/public/amsfonts/cm/cmbx8.pfb></usr/share/texlive/texmf-dist/fonts/type1/
public/amsfonts/cm/cmbx9.pfb></usr/share/texlive/texmf-dist/fonts/type1/public/
amsfonts/cm/cmbxti10.pfb></usr/share/texlive/texmf-dist/fonts/type1/public/amsf
onts/cm/cmex10.pfb></usr/share/texlive/texmf-dist/fonts/type1/public/amsfonts/c
m/cmmi10.pfb></usr/share/texlive/texmf-dist/fonts/type1/public/amsfonts/cm/cmmi
5.pfb></usr/share/texlive/texmf-dist/fonts/type1/public/amsfonts/cm/cmmi7.pfb><
/usr/share/texlive/texmf-dist/fonts/type1/public/amsfonts/cm/cmmi8.pfb></usr/sh
are/texlive/texmf-dist/fonts/type1/public/amsfonts/cm/cmmi9.pfb></usr/share/tex
live/texmf-dist/fonts/type1/public/amsfonts/cm/cmr10.pfb></usr/share/texlive/te
xmf-dist/fonts/type1/public/amsfonts/cm/cmr12.pfb></usr/share/texlive/texmf-dis
t/fonts/type1/public/amsfonts/cm/cmr17.pfb></usr/share/texlive/texmf-dist/fonts
/type1/public/amsfonts/cm/cmr5.pfb></usr/share/texlive/texmf-dist/fonts/type1/p
ublic/amsfonts/cm/cmr7.pfb></usr/share/texlive/texmf-dist/fonts/type1/public/am
sfonts/cm/cmr8.pfb></usr/share/texlive/texmf-dist/fonts/type1/public/amsfonts/c
m/cmr9.pfb></usr/share/texlive/texmf-dist/fonts/type1/public/amsfonts/cm/cmsy10
.pfb></usr/share/texlive/texmf-dist/fonts/type1/public/amsfonts/cm/cmsy5.pfb></
usr/share/texlive/texmf-dist/fonts/type1/public/amsfonts/cm/cmsy7.pfb></usr/sha
re/texlive/texmf-dist/fonts/type1/public/amsfonts/cm/cmsy8.pfb></usr/share/texl
ive/texmf-dist/fonts/type1/public/amsfonts/cm/cmsy9.pfb></usr/share/texlive/tex
mf-dist/fonts/type1/public/amsfonts/cm/cmti10.pfb></usr/share/texlive/texmf-dis
t/fonts/type1/public/amsfonts/cm/cmti7.pfb></usr/share/texlive/texmf-dist/fonts
/type1/public/amsfonts/cm/cmtt10.pfb></usr/share/texlive/texmf-dist/fonts/type1
/public/amsfonts/cm/cmtt8.pfb></usr/share/texlive/texmf-dist/fonts/type1/public
/amsfonts/cm/cmtt9.pfb></usr/share/texlive/texmf-dist/fonts/type1/public/amsfon
ts/symbols/msbm10.pfb></usr/share/texmf/fonts/type1/public/cm-super/sfrm1000.pf
b>
Output written on sn-article.pdf (44 pages, 1349772 bytes).
PDF statistics:
 1467 PDF objects out of 1728 (max. 8388607)
 847 compressed objects within 9 object streams
 173 named destinations out of 1000 (max. 500000)
 444 words of extra memory for PDF output out of 10000 (max. 10000000)

